Archive member included to satisfy reference by file (symbol)

C:/ST/STM32CubeIDE_2.1.1/STM32CubeIDE/plugins/com.st.stm32cube.ide.mcu.externaltools.gnu-tools-for-stm32.14.3.rel1.win32_1.0.100.202602081740/tools/bin/../lib/gcc/arm-none-eabi/14.3.1/../../../../arm-none-eabi/lib/thumb/v8-m.main+fp/hard\libc_nano.a(libc_a-exit.o)
                              C:/ST/STM32CubeIDE_2.1.1/STM32CubeIDE/plugins/com.st.stm32cube.ide.mcu.externaltools.gnu-tools-for-stm32.14.3.rel1.win32_1.0.100.202602081740/tools/bin/../lib/gcc/arm-none-eabi/14.3.1/../../../../arm-none-eabi/lib/thumb/v8-m.main+fp/hard/crt0.o (exit)
C:/ST/STM32CubeIDE_2.1.1/STM32CubeIDE/plugins/com.st.stm32cube.ide.mcu.externaltools.gnu-tools-for-stm32.14.3.rel1.win32_1.0.100.202602081740/tools/bin/../lib/gcc/arm-none-eabi/14.3.1/../../../../arm-none-eabi/lib/thumb/v8-m.main+fp/hard\libc_nano.a(libc_a-findfp.o)
                              C:/ST/STM32CubeIDE_2.1.1/STM32CubeIDE/plugins/com.st.stm32cube.ide.mcu.externaltools.gnu-tools-for-stm32.14.3.rel1.win32_1.0.100.202602081740/tools/bin/../lib/gcc/arm-none-eabi/14.3.1/../../../../arm-none-eabi/lib/thumb/v8-m.main+fp/hard\libc_nano.a(libc_a-exit.o) (__stdio_exit_handler)
C:/ST/STM32CubeIDE_2.1.1/STM32CubeIDE/plugins/com.st.stm32cube.ide.mcu.externaltools.gnu-tools-for-stm32.14.3.rel1.win32_1.0.100.202602081740/tools/bin/../lib/gcc/arm-none-eabi/14.3.1/../../../../arm-none-eabi/lib/thumb/v8-m.main+fp/hard\libc_nano.a(libc_a-fwalk.o)
                              C:/ST/STM32CubeIDE_2.1.1/STM32CubeIDE/plugins/com.st.stm32cube.ide.mcu.externaltools.gnu-tools-for-stm32.14.3.rel1.win32_1.0.100.202602081740/tools/bin/../lib/gcc/arm-none-eabi/14.3.1/../../../../arm-none-eabi/lib/thumb/v8-m.main+fp/hard\libc_nano.a(libc_a-findfp.o) (_fwalk_sglue)
C:/ST/STM32CubeIDE_2.1.1/STM32CubeIDE/plugins/com.st.stm32cube.ide.mcu.externaltools.gnu-tools-for-stm32.14.3.rel1.win32_1.0.100.202602081740/tools/bin/../lib/gcc/arm-none-eabi/14.3.1/../../../../arm-none-eabi/lib/thumb/v8-m.main+fp/hard\libc_nano.a(libc_a-stdio.o)
                              C:/ST/STM32CubeIDE_2.1.1/STM32CubeIDE/plugins/com.st.stm32cube.ide.mcu.externaltools.gnu-tools-for-stm32.14.3.rel1.win32_1.0.100.202602081740/tools/bin/../lib/gcc/arm-none-eabi/14.3.1/../../../../arm-none-eabi/lib/thumb/v8-m.main+fp/hard\libc_nano.a(libc_a-findfp.o) (__sread)
C:/ST/STM32CubeIDE_2.1.1/STM32CubeIDE/plugins/com.st.stm32cube.ide.mcu.externaltools.gnu-tools-for-stm32.14.3.rel1.win32_1.0.100.202602081740/tools/bin/../lib/gcc/arm-none-eabi/14.3.1/../../../../arm-none-eabi/lib/thumb/v8-m.main+fp/hard\libc_nano.a(libc_a-memset.o)
                              C:/ST/STM32CubeIDE_2.1.1/STM32CubeIDE/plugins/com.st.stm32cube.ide.mcu.externaltools.gnu-tools-for-stm32.14.3.rel1.win32_1.0.100.202602081740/tools/bin/../lib/gcc/arm-none-eabi/14.3.1/../../../../arm-none-eabi/lib/thumb/v8-m.main+fp/hard/crt0.o (memset)
C:/ST/STM32CubeIDE_2.1.1/STM32CubeIDE/plugins/com.st.stm32cube.ide.mcu.externaltools.gnu-tools-for-stm32.14.3.rel1.win32_1.0.100.202602081740/tools/bin/../lib/gcc/arm-none-eabi/14.3.1/../../../../arm-none-eabi/lib/thumb/v8-m.main+fp/hard\libc_nano.a(libc_a-closer.o)
                              C:/ST/STM32CubeIDE_2.1.1/STM32CubeIDE/plugins/com.st.stm32cube.ide.mcu.externaltools.gnu-tools-for-stm32.14.3.rel1.win32_1.0.100.202602081740/tools/bin/../lib/gcc/arm-none-eabi/14.3.1/../../../../arm-none-eabi/lib/thumb/v8-m.main+fp/hard\libc_nano.a(libc_a-stdio.o) (_close_r)
C:/ST/STM32CubeIDE_2.1.1/STM32CubeIDE/plugins/com.st.stm32cube.ide.mcu.externaltools.gnu-tools-for-stm32.14.3.rel1.win32_1.0.100.202602081740/tools/bin/../lib/gcc/arm-none-eabi/14.3.1/../../../../arm-none-eabi/lib/thumb/v8-m.main+fp/hard\libc_nano.a(libc_a-reent.o)
                              C:/ST/STM32CubeIDE_2.1.1/STM32CubeIDE/plugins/com.st.stm32cube.ide.mcu.externaltools.gnu-tools-for-stm32.14.3.rel1.win32_1.0.100.202602081740/tools/bin/../lib/gcc/arm-none-eabi/14.3.1/../../../../arm-none-eabi/lib/thumb/v8-m.main+fp/hard\libc_nano.a(libc_a-closer.o) (errno)
C:/ST/STM32CubeIDE_2.1.1/STM32CubeIDE/plugins/com.st.stm32cube.ide.mcu.externaltools.gnu-tools-for-stm32.14.3.rel1.win32_1.0.100.202602081740/tools/bin/../lib/gcc/arm-none-eabi/14.3.1/../../../../arm-none-eabi/lib/thumb/v8-m.main+fp/hard\libc_nano.a(libc_a-impure.o)
                              C:/ST/STM32CubeIDE_2.1.1/STM32CubeIDE/plugins/com.st.stm32cube.ide.mcu.externaltools.gnu-tools-for-stm32.14.3.rel1.win32_1.0.100.202602081740/tools/bin/../lib/gcc/arm-none-eabi/14.3.1/../../../../arm-none-eabi/lib/thumb/v8-m.main+fp/hard\libc_nano.a(libc_a-reent.o) (_impure_ptr)
C:/ST/STM32CubeIDE_2.1.1/STM32CubeIDE/plugins/com.st.stm32cube.ide.mcu.externaltools.gnu-tools-for-stm32.14.3.rel1.win32_1.0.100.202602081740/tools/bin/../lib/gcc/arm-none-eabi/14.3.1/../../../../arm-none-eabi/lib/thumb/v8-m.main+fp/hard\libc_nano.a(libc_a-lseekr.o)
[...]
Memory Configuration

Name             Origin             Length             Attributes
RAM              0x20000000         0x000a0000         xrw
FLASH            0x08000000         0x00200000         xr
*default*        0x00000000         0xffffffff

Linker script and memory map

LOAD C:/ST/STM32CubeIDE_2.1.1/STM32CubeIDE/plugins/com.st.stm32cube.ide.mcu.externaltools.gnu-tools-for-stm32.14.3.rel1.win32_1.0.100.202602081740/tools/bin/../lib/gcc/arm-none-eabi/14.3.1/thumb/v8-m.main+fp/hard/crti.o
LOAD C:/ST/STM32CubeIDE_2.1.1/STM32CubeIDE/plugins/com.st.stm32cube.ide.mcu.externaltools.gnu-tools-for-stm32.14.3.rel1.win32_1.0.100.202602081740/tools/bin/../lib/gcc/arm-none-eabi/14.3.1/thumb/v8-m.main+fp/hard/crtbegin.o
LOAD C:/ST/STM32CubeIDE_2.1.1/STM32CubeIDE/plugins/com.st.stm32cube.ide.mcu.externaltools.gnu-tools-for-stm32.14.3.rel1.win32_1.0.100.202602081740/tools/bin/../lib/gcc/arm-none-eabi/14.3.1/../../../../arm-none-eabi/lib/thumb/v8-m.main+fp/hard/crt0.o
LOAD ./Core/Src/main.o
LOAD ./Core/Src/stm32h5xx_hal_msp.o
LOAD ./Core/Src/stm32h5xx_it.o
LOAD ./Core/Src/syscalls.o
LOAD ./Core/Src/sysmem.o
LOAD ./Core/Src/system_stm32h5xx.o
LOAD ./Core/Startup/startup_stm32h563ritx.o
LOAD ./Drivers/STM32H5xx_HAL_Driver/Src/stm32h5xx_hal.o
LOAD ./Drivers/STM32H5xx_HAL_Driver/Src/stm32h5xx_hal_adc.o
LOAD ./Drivers/STM32H5xx_HAL_Driver/Src/stm32h5xx_hal_adc_ex.o
LOAD ./Drivers/STM32H5xx_HAL_Driver/Src/stm32h5xx_hal_cortex.o
LOAD ./Drivers/STM32H5xx_HAL_Driver/Src/stm32h5xx_hal_dma.o
LOAD ./Drivers/STM32H5xx_HAL_Driver/Src/stm32h5xx_hal_dma_ex.o
LOAD ./Drivers/STM32H5xx_HAL_Driver/Src/stm32h5xx_hal_eth.o
LOAD ./Drivers/STM32H5xx_HAL_Driver/Src/stm32h5xx_hal_eth_ex.o
LOAD ./Drivers/STM32H5xx_HAL_Driver/Src/stm32h5xx_hal_exti.o
LOAD ./Drivers/STM32H5xx_HAL_Driver/Src/stm32h5xx_hal_fdcan.o
LOAD ./Drivers/STM32H5xx_HAL_Driver/Src/stm32h5xx_hal_flash.o
LOAD ./Drivers/STM32H5xx_HAL_Driver/Src/stm32h5xx_hal_flash_ex.o
LOAD ./Drivers/STM32H5xx_HAL_Driver/Src/stm32h5xx_hal_gpio.o
LOAD ./Drivers/STM32H5xx_HAL_Driver/Src/stm32h5xx_hal_i2c.o
LOAD ./Drivers/STM32H5xx_HAL_Driver/Src/stm32h5xx_hal_i2c_ex.o
LOAD ./Drivers/STM32H5xx_HAL_Driver/Src/stm32h5xx_hal_icache.o
LOAD ./Drivers/STM32H5xx_HAL_Driver/Src/stm32h5xx_hal_lptim.o
LOAD ./Drivers/STM32H5xx_HAL_Driver/Src/stm32h5xx_hal_pwr.o
LOAD ./Drivers/STM32H5xx_HAL_Driver/Src/stm32h5xx_hal_pwr_ex.o
LOAD ./Drivers/STM32H5xx_HAL_Driver/Src/stm32h5xx_hal_rcc.o
LOAD ./Drivers/STM32H5xx_HAL_Driver/Src/stm32h5xx_hal_rcc_ex.o
LOAD ./Drivers/STM32H5xx_HAL_Driver/Src/stm32h5xx_hal_spi.o
LOAD ./Drivers/STM32H5xx_HAL_Driver/Src/stm32h5xx_hal_spi_ex.o
LOAD ./Drivers/STM32H5xx_HAL_Driver/Src/stm32h5xx_hal_tim.o
LOAD ./Drivers/STM32H5xx_HAL_Driver/Src/stm32h5xx_hal_tim_ex.o
LOAD ./Drivers/STM32H5xx_HAL_Driver/Src/stm32h5xx_hal_uart.o
LOAD ./Drivers/STM32H5xx_HAL_Driver/Src/stm32h5xx_hal_uart_ex.o
LOAD ./Middlewares/Project/PRJ_main.o
LOAD ./Middlewares/RoveOS/Core/ROS_core.o
LOAD ./Middlewares/RoveOS/Drivers/ADC/ROS_adc.o
LOAD ./Middlewares/RoveOS/Drivers/Connectivity/CANbus/ROS_can.o
LOAD ./Middlewares/RoveOS/Drivers/Connectivity/IIC/ROS_iic.o
LOAD ./Middlewares/RoveOS/Drivers/Connectivity/SPI/ROS_spi.o
LOAD ./Middlewares/RoveOS/Drivers/Connectivity/UART/ROS_uart.o
LOAD ./Middlewares/RoveOS/Drivers/GPIO/ROS_gpio.o
LOAD ./Middlewares/RoveOS/Drivers/Timers/ROS_tim.o
LOAD ./Middlewares/RoveOS/Logging/ROS_log.o
LOAD ./Middlewares/RoveOS/Platform/Nucleo_F4/ROS_plat_nucleo_f4.o
LOAD ./Middlewares/RoveOS/Platform/Nucleo_H5/ROS_plat_nucleo_h5.o
LOAD ./Middlewares/RoveOS/Platform/RoveNode_H5/ROS_plat_rovenode_h5.o
LOAD ./Middlewares/RoveOS/Task/ROS_task.o
START GROUP
LOAD C:/ST/STM32CubeIDE_2.1.1/STM32CubeIDE/plugins/com.st.stm32cube.ide.mcu.externaltools.gnu-tools-for-stm32.14.3.rel1.win32_1.0.100.202602081740/tools/bin/../lib/gcc/arm-none-eabi/14.3.1/../../../../arm-none-eabi/lib/thumb/v8-m.main+fp/hard\libc_nano.a
LOAD C:/ST/STM32CubeIDE_2.1.1/STM32CubeIDE/plugins/com.st.stm32cube.ide.mcu.externaltools.gnu-tools-for-stm32.14.3.rel1.win32_1.0.100.202602081740/tools/bin/../lib/gcc/arm-none-eabi/14.3.1/../../../../arm-none-eabi/lib/thumb/v8-m.main+fp/hard\libm.a
END GROUP
START GROUP
LOAD C:/ST/STM32CubeIDE_2.1.1/STM32CubeIDE/plugins/com.st.stm32cube.ide.mcu.externaltools.gnu-tools-for-stm32.14.3.rel1.win32_1.0.100.202602081740/tools/bin/../lib/gcc/arm-none-eabi/14.3.1/thumb/v8-m.main+fp/hard\libgcc.a
LOAD C:/ST/STM32CubeIDE_2.1.1/STM32CubeIDE/plugins/com.st.stm32cube.ide.mcu.externaltools.gnu-tools-for-stm32.14.3.rel1.win32_1.0.100.202602081740/tools/bin/../lib/gcc/arm-none-eabi/14.3.1/../../../../arm-none-eabi/lib/thumb/v8-m.main+fp/hard\libc_nano.a
END GROUP
START GROUP
LOAD C:/ST/STM32CubeIDE_2.1.1/STM32CubeIDE/plugins/com.st.stm32cube.ide.mcu.externaltools.gnu-tools-for-stm32.14.3.rel1.win32_1.0.100.202602081740/tools/bin/../lib/gcc/arm-none-eabi/14.3.1/thumb/v8-m.main+fp/hard\libgcc.a
LOAD C:/ST/STM32CubeIDE_2.1.1/STM32CubeIDE/plugins/com.st.stm32cube.ide.mcu.externaltools.gnu-tools-for-stm32.14.3.rel1.win32_1.0.100.202602081740/tools/bin/../lib/gcc/arm-none-eabi/14.3.1/../../../../arm-none-eabi/lib/thumb/v8-m.main+fp/hard\libc_nano.a
LOAD C:/ST/STM32CubeIDE_2.1.1/STM32CubeIDE/plugins/com.st.stm32cube.ide.mcu.externaltools.gnu-tools-for-stm32.14.3.rel1.win32_1.0.100.202602081740/tools/bin/../lib/gcc/arm-none-eabi/14.3.1/../../../../arm-none-eabi/lib/thumb/v8-m.main+fp/hard\libnosys.a
END GROUP
START GROUP
LOAD C:/ST/STM32CubeIDE_2.1.1/STM32CubeIDE/plugins/com.st.stm32cube.ide.mcu.externaltools.gnu-tools-for-stm32.14.3.rel1.win32_1.0.100.202602081740/tools/bin/../lib/gcc/arm-none-eabi/14.3.1/thumb/v8-m.main+fp/hard\libgcc.a
LOAD C:/ST/STM32CubeIDE_2.1.1/STM32CubeIDE/plugins/com.st.stm32cube.ide.mcu.externaltools.gnu-tools-for-stm32.14.3.rel1.win32_1.0.100.202602081740/tools/bin/../lib/gcc/arm-none-eabi/14.3.1/../../../../arm-none-eabi/lib/thumb/v8-m.main+fp/hard\libc_nano.a
LOAD C:/ST/STM32CubeIDE_2.1.1/STM32CubeIDE/plugins/com.st.stm32cube.ide.mcu.externaltools.gnu-tools-for-stm32.14.3.rel1.win32_1.0.100.202602081740/tools/bin/../lib/gcc/arm-none-eabi/14.3.1/../../../../arm-none-eabi/lib/thumb/v8-m.main+fp/hard\libnosys.a
END GROUP
LOAD C:/ST/STM32CubeIDE_2.1.1/STM32CubeIDE/plugins/com.st.stm32cube.ide.mcu.externaltools.gnu-tools-for-stm32.14.3.rel1.win32_1.0.100.202602081740/tools/bin/../lib/gcc/arm-none-eabi/14.3.1/thumb/v8-m.main+fp/hard/crtend.o
LOAD C:/ST/STM32CubeIDE_2.1.1/STM32CubeIDE/plugins/com.st.stm32cube.ide.mcu.externaltools.gnu-tools-for-stm32.14.3.rel1.win32_1.0.100.202602081740/tools/bin/../lib/gcc/arm-none-eabi/14.3.1/thumb/v8-m.main+fp/hard/crtn.o
                0x200a0000                        _estack = (ORIGIN (RAM) + LENGTH (RAM))
                0x2009fc00                        _sstack = (_estack - _Min_Stack_Size)
                0x00000200                        _Min_Heap_Size = 0x200
                0x00000400                        _Min_Stack_Size = 0x400

.isr_vector     0x08000000      0x24c
                0x08000000                        . = ALIGN (0x4)
 *(.isr_vector)
 .isr_vector    0x08000000      0x24c ./Core/Startup/startup_stm32h563ritx.o
                0x08000000                g_pfnVectors
                0x0800024c                        . = ALIGN (0x4)

.text           0x0800024c     0xef94
                0x0800024c                        . = ALIGN (0x4)
 *(.text)
 .text          0x0800024c       0x40 C:/ST/STM32CubeIDE_2.1.1/STM32CubeIDE/plugins/com.st.stm32cube.ide.mcu.externaltools.gnu-tools-for-stm32.14.3.rel1.win32_1.0.100.202602081740/tools/bin/../lib/gcc/arm-none-eabi/14.3.1/thumb/v8-m.main+fp/hard/crtbegin.o
 .text          0x0800028c       0x30 C:/ST/STM32CubeIDE_2.1.1/STM32CubeIDE/plugins/com.st.stm32cube.ide.mcu.externaltools.gnu-tools-for-stm32.14.3.rel1.win32_1.0.100.202602081740/tools/bin/../lib/gcc/arm-none-eabi/14.3.1/thumb/v8-m.main+fp/hard\libgcc.a(_aeabi_uldivmod.o)
                0x0800028c                __aeabi_uldivmod
 .text          0x080002bc      0x34c C:/ST/STM32CubeIDE_2.1.1/STM32CubeIDE/plugins/com.st.stm32cube.ide.mcu.externaltools.gnu-tools-for-stm32.14.3.rel1.win32_1.0.100.202602081740/tools/bin/../lib/gcc/arm-none-eabi/14.3.1/thumb/v8-m.main+fp/hard\libgcc.a(_udivmoddi4.o)
                0x080002bc                __udivmoddi4
 .text          0x08000608        0x4 C:/ST/STM32CubeIDE_2.1.1/STM32CubeIDE/plugins/com.st.stm32cube.ide.mcu.externaltools.gnu-tools-for-stm32.14.3.rel1.win32_1.0.100.202602081740/tools/bin/../lib/gcc/arm-none-eabi/14.3.1/thumb/v8-m.main+fp/hard\libgcc.a(_dvmd_tls.o)
                0x08000608                __aeabi_idiv0
                0x08000608                __aeabi_ldiv0
 *(.text*)
 .text.main     0x0800060c       0x3c ./Core/Src/main.o
                0x0800060c                main
 .text.SystemClock_Config
                0x08000648       0xf4 ./Core/Src/main.o
                0x08000648                SystemClock_Config
 .text.MX_ADC1_Init
                0x0800073c       0xf4 ./Core/Src/main.o
 .text.MX_FDCAN1_Init
                0x08000830       0x8c ./Core/Src/main.o
 .text.MX_GPDMA1_Init
                0x080008bc       0x70 ./Core/Src/main.o
 .text.MX_I2C1_Init
                0x0800092c       0x80 ./Core/Src/main.o
 .text.MX_ICACHE_Init
                0x080009ac       0x26 ./Core/Src/main.o
 *fill*         0x080009d2        0x2 
 .text.MX_LPTIM2_Init
                0x080009d4       0x5c ./Core/Src/main.o
 .text.MX_SPI2_Init
                0x08000a30       0xac ./Core/Src/main.o
 .text.MX_TIM3_Init
                0x08000adc       0xe8 ./Core/Src/main.o
 .text.MX_UART4_Init
                0x08000bc4       0x98 ./Core/Src/main.o
 .text.MX_GPIO_Init
                0x08000c5c      0x124 ./Core/Src/main.o
 .text.MPU_Config
                0x08000d80       0x6c ./Core/Src/main.o
 .text.Error_Handler
                0x08000dec        0xc ./Core/Src/main.o
                0x08000dec                Error_Handler
 .text.HAL_MspInit
                0x08000df8        0xe ./Core/Src/stm32h5xx_hal_msp.o
                0x08000df8                HAL_MspInit
 *fill*         0x08000e06        0x2 
 .text.HAL_ADC_MspInit
                0x08000e08      0x244 ./Core/Src/stm32h5xx_hal_msp.o
                0x08000e08                HAL_ADC_MspInit
 .text.HAL_FDCAN_MspInit
                0x0800104c      0x1ac ./Core/Src/stm32h5xx_hal_msp.o
                0x0800104c                HAL_FDCAN_MspInit
 .text.HAL_I2C_MspInit
                0x080011f8      0x1b8 ./Core/Src/stm32h5xx_hal_msp.o
                0x080011f8                HAL_I2C_MspInit
 .text.HAL_LPTIM_MspInit
                0x080013b0       0xc0 ./Core/Src/stm32h5xx_hal_msp.o
                0x080013b0                HAL_LPTIM_MspInit
 .text.HAL_SPI_MspInit
                0x08001470      0x228 ./Core/Src/stm32h5xx_hal_msp.o
                0x08001470                HAL_SPI_MspInit
 .text.HAL_TIM_Base_MspInit
                0x08001698       0x44 ./Core/Src/stm32h5xx_hal_msp.o
                0x08001698                HAL_TIM_Base_MspInit
 .text.HAL_UART_MspInit
                0x080016dc      0x1cc ./Core/Src/stm32h5xx_hal_msp.o
                0x080016dc                HAL_UART_MspInit
 .text.NMI_Handler
                0x080018a8        0x8 ./Core/Src/stm32h5xx_it.o
                0x080018a8                NMI_Handler
 .text.HardFault_Handler
                0x080018b0        0x8 ./Core/Src/stm32h5xx_it.o
                0x080018b0                HardFault_Handler
 .text.MemManage_Handler
                0x080018b8        0x8 ./Core/Src/stm32h5xx_it.o
                0x080018b8                MemManage_Handler
 .text.BusFault_Handler
                0x080018c0        0x8 ./Core/Src/stm32h5xx_it.o
                0x080018c0                BusFault_Handler
 .text.UsageFault_Handler
                0x080018c8        0x8 ./Core/Src/stm32h5xx_it.o
                0x080018c8                UsageFault_Handler
 .text.SVC_Handler
                0x080018d0        0xe ./Core/Src/stm32h5xx_it.o
                0x080018d0                SVC_Handler
 .text.DebugMon_Handler
                0x080018de        0xe ./Core/Src/stm32h5xx_it.o
                0x080018de                DebugMon_Handler
 .text.PendSV_Handler
                0x080018ec        0xe ./Core/Src/stm32h5xx_it.o
                0x080018ec                PendSV_Handler
 .text.SysTick_Handler
                0x080018fa        0xc ./Core/Src/stm32h5xx_it.o
                0x080018fa                SysTick_Handler
 *fill*         0x08001906        0x2 
 .text.GPDMA1_Channel0_IRQHandler
                0x08001908       0x14 ./Core/Src/stm32h5xx_it.o
                0x08001908                GPDMA1_Channel0_IRQHandler
 .text.GPDMA1_Channel1_IRQHandler
                0x0800191c       0x14 ./Core/Src/stm32h5xx_it.o
                0x0800191c                GPDMA1_Channel1_IRQHandler
 .text.GPDMA1_Channel2_IRQHandler
                0x08001930       0x14 ./Core/Src/stm32h5xx_it.o
                0x08001930                GPDMA1_Channel2_IRQHandler
 .text.GPDMA1_Channel3_IRQHandler
                0x08001944       0x14 ./Core/Src/stm32h5xx_it.o
                0x08001944                GPDMA1_Channel3_IRQHandler
 .text.ADC1_IRQHandler
                0x08001958       0x14 ./Core/Src/stm32h5xx_it.o
                0x08001958                ADC1_IRQHandler
 .text.FDCAN1_IT0_IRQHandler
                0x0800196c       0x14 ./Core/Src/stm32h5xx_it.o
                0x0800196c                FDCAN1_IT0_IRQHandler
 .text.SPI2_IRQHandler
                0x08001980       0x14 ./Core/Src/stm32h5xx_it.o
                0x08001980                SPI2_IRQHandler
 .text.UART4_IRQHandler
                0x08001994       0x14 ./Core/Src/stm32h5xx_it.o
                0x08001994                UART4_IRQHandler
 .text.LPTIM2_IRQHandler
                0x080019a8       0x14 ./Core/Src/stm32h5xx_it.o
                0x080019a8                LPTIM2_IRQHandler
 .text.ETH_IRQHandler
                0x080019bc       0x14 ./Core/Src/stm32h5xx_it.o
                0x080019bc                ETH_IRQHandler
 .text.SystemInit
                0x080019d0      0x100 ./Core/Src/system_stm32h5xx.o
                0x080019d0                SystemInit
 .text.Reset_Handler
                0x08001ad0       0x5c ./Core/Startup/startup_stm32h563ritx.o
                0x08001ad0                Reset_Handler
 .text.Default_Handler
                0x08001b2c        0x2 ./Core/Startup/startup_stm32h563ritx.o
                0x08001b2c                EXTI2_IRQHandler
                0x08001b2c                TIM8_TRG_COM_IRQHandler
                0x08001b2c                TIM8_CC_IRQHandler
                0x08001b2c                EXTI5_IRQHandler
                0x08001b2c                I3C1_ER_IRQHandler
                0x08001b2c                UART8_IRQHandler
                0x08001b2c                SPI4_IRQHandler
                0x08001b2c                GPDMA2_Channel1_IRQHandler
                0x08001b2c                FLASH_S_IRQHandler
                0x08001b2c                EXTI13_IRQHandler
                0x08001b2c                TIM1_CC_IRQHandler
                0x08001b2c                GPDMA2_Channel3_IRQHandler
                0x08001b2c                TAMP_IRQHandler
                0x08001b2c                TIM6_IRQHandler
                0x08001b2c                EXTI12_IRQHandler
                0x08001b2c                CORDIC_IRQHandler
                0x08001b2c                USB_DRD_FS_IRQHandler
                0x08001b2c                EXTI3_IRQHandler
                0x08001b2c                LPTIM4_IRQHandler
                0x08001b2c                GPDMA1_Channel5_IRQHandler
                0x08001b2c                EXTI8_IRQHandler
                0x08001b2c                GPDMA2_Channel5_IRQHandler
                0x08001b2c                I2C3_ER_IRQHandler
                0x08001b2c                GPDMA2_Channel2_IRQHandler
                0x08001b2c                USART10_IRQHandler
                0x08001b2c                LPTIM3_IRQHandler
                0x08001b2c                EXTI0_IRQHandler
                0x08001b2c                I2C2_EV_IRQHandler
                0x08001b2c                FPU_IRQHandler
                0x08001b2c                GPDMA1_Channel7_IRQHandler
                0x08001b2c                FDCAN1_IT1_IRQHandler
                0x08001b2c                RAMCFG_IRQHandler
                0x08001b2c                DCACHE1_IRQHandler
                0x08001b2c                SPI1_IRQHandler
                0x08001b2c                OCTOSPI1_IRQHandler
                0x08001b2c                TIM8_UP_IRQHandler
                0x08001b2c                RCC_S_IRQHandler
                0x08001b2c                SAI2_IRQHandler
                0x08001b2c                USART6_IRQHandler
                0x08001b2c                EXTI15_IRQHandler
                0x08001b2c                TIM17_IRQHandler
                0x08001b2c                USART3_IRQHandler
                0x08001b2c                RTC_IRQHandler
                0x08001b2c                EXTI9_IRQHandler
                0x08001b2c                LPTIM5_IRQHandler
                0x08001b2c                UART5_IRQHandler
                0x08001b2c                TIM4_IRQHandler
                0x08001b2c                I2C1_EV_IRQHandler
                0x08001b2c                TIM16_IRQHandler
                0x08001b2c                SecureFault_Handler
                0x08001b2c                TIM3_IRQHandler
                0x08001b2c                RCC_IRQHandler
                0x08001b2c                UART9_IRQHandler
                0x08001b2c                TIM1_TRG_COM_IRQHandler
                0x08001b2c                Default_Handler
                0x08001b2c                FMAC_IRQHandler
                0x08001b2c                CEC_IRQHandler
                0x08001b2c                USART11_IRQHandler
                0x08001b2c                TIM14_IRQHandler
                0x08001b2c                TIM13_IRQHandler
                0x08001b2c                GPDMA2_Channel4_IRQHandler
                0x08001b2c                SPI5_IRQHandler
                0x08001b2c                TIM12_IRQHandler
                0x08001b2c                TIM7_IRQHandler
                0x08001b2c                SDMMC1_IRQHandler
                0x08001b2c                TIM5_IRQHandler
                0x08001b2c                UCPD1_IRQHandler
                0x08001b2c                I3C1_EV_IRQHandler
                0x08001b2c                TIM15_IRQHandler
                0x08001b2c                PVD_AVD_IRQHandler
                0x08001b2c                I2C3_EV_IRQHandler
                0x08001b2c                ETH_WKUP_IRQHandler
                0x08001b2c                ADC2_IRQHandler
                0x08001b2c                EXTI14_IRQHandler
                0x08001b2c                EXTI11_IRQHandler
                0x08001b2c                CRS_IRQHandler
                0x08001b2c                EXTI4_IRQHandler
                0x08001b2c                GPDMA2_Channel0_IRQHandler
                0x08001b2c                RTC_S_IRQHandler
                0x08001b2c                RNG_IRQHandler
                0x08001b2c                FDCAN2_IT1_IRQHandler
                0x08001b2c                GPDMA2_Channel6_IRQHandler
                0x08001b2c                TIM1_UP_IRQHandler
                0x08001b2c                UART12_IRQHandler
                0x08001b2c                WWDG_IRQHandler
                0x08001b2c                SPI6_IRQHandler
                0x08001b2c                I2C4_EV_IRQHandler
                0x08001b2c                FDCAN2_IT0_IRQHandler
                0x08001b2c                IWDG_IRQHandler
                0x08001b2c                LPUART1_IRQHandler
                0x08001b2c                TIM2_IRQHandler
                0x08001b2c                GPDMA1_Channel4_IRQHandler
                0x08001b2c                EXTI7_IRQHandler
                0x08001b2c                TIM1_BRK_IRQHandler
                0x08001b2c                EXTI1_IRQHandler
                0x08001b2c                SDMMC2_IRQHandler
                0x08001b2c                LPTIM6_IRQHandler
                0x08001b2c                DAC1_IRQHandler
                0x08001b2c                DTS_IRQHandler
                0x08001b2c                UART7_IRQHandler
                0x08001b2c                GTZC_IRQHandler
                0x08001b2c                USART2_IRQHandler
                0x08001b2c                GPDMA1_Channel6_IRQHandler
                0x08001b2c                GPDMA2_Channel7_IRQHandler
                0x08001b2c                I2C2_ER_IRQHandler
                0x08001b2c                TIM8_BRK_IRQHandler
                0x08001b2c                FLASH_IRQHandler
                0x08001b2c                USART1_IRQHandler
                0x08001b2c                EXTI10_IRQHandler
                0x08001b2c                SPI3_IRQHandler
                0x08001b2c                I2C1_ER_IRQHandler
                0x08001b2c                FMC_IRQHandler
                0x08001b2c                EXTI6_IRQHandler
                0x08001b2c                LPTIM1_IRQHandler
                0x08001b2c                DCMI_PSSI_IRQHandler
                0x08001b2c                I2C4_ER_IRQHandler
                0x08001b2c                ICACHE_IRQHandler
                0x08001b2c                SAI1_IRQHandler
                0x08001b2c                HASH_IRQHandler
 *fill*         0x08001b2e        0x2 
 .text.HAL_Init
                0x08001b30       0x50 ./Drivers/STM32H5xx_HAL_Driver/Src/stm32h5xx_hal.o
                0x08001b30                HAL_Init
 .text.HAL_InitTick
                0x08001b80       0xec ./Drivers/STM32H5xx_HAL_Driver/Src/stm32h5xx_hal.o
                0x08001b80                HAL_InitTick
 .text.HAL_IncTick
                0x08001c6c       0x28 ./Drivers/STM32H5xx_HAL_Driver/Src/stm32h5xx_hal.o
                0x08001c6c                HAL_IncTick
 .text.HAL_GetTick
                0x08001c94       0x18 ./Drivers/STM32H5xx_HAL_Driver/Src/stm32h5xx_hal.o
                0x08001c94                HAL_GetTick
 .text.LL_ADC_SetCommonClock
                0x08001cac       0x26 ./Drivers/STM32H5xx_HAL_Driver/Src/stm32h5xx_hal_adc.o
 .text.LL_ADC_SetCommonPathInternalCh
                0x08001cd2       0x26 ./Drivers/STM32H5xx_HAL_Driver/Src/stm32h5xx_hal_adc.o
 .text.LL_ADC_GetCommonPathInternalCh
                0x08001cf8       0x1c ./Drivers/STM32H5xx_HAL_Driver/Src/stm32h5xx_hal_adc.o
 .text.LL_ADC_EnableChannelVDDcore
                0x08001d14       0x28 ./Drivers/STM32H5xx_HAL_Driver/Src/stm32h5xx_hal_adc.o
 .text.LL_ADC_EnableChannel0_GPIO
                0x08001d3c       0x24 ./Drivers/STM32H5xx_HAL_Driver/Src/stm32h5xx_hal_adc.o
 .text.LL_ADC_SetOffset
                0x08001d60       0x48 ./Drivers/STM32H5xx_HAL_Driver/Src/stm32h5xx_hal_adc.o
 .text.LL_ADC_GetOffsetChannel
                0x08001da8       0x2c ./Drivers/STM32H5xx_HAL_Driver/Src/stm32h5xx_hal_adc.o
 .text.LL_ADC_SetOffsetState
                0x08001dd4       0x36 ./Drivers/STM32H5xx_HAL_Driver/Src/stm32h5xx_hal_adc.o
 .text.LL_ADC_SetOffsetSign
                0x08001e0a       0x36 ./Drivers/STM32H5xx_HAL_Driver/Src/stm32h5xx_hal_adc.o
 .text.LL_ADC_SetOffsetSaturation
                0x08001e40       0x36 ./Drivers/STM32H5xx_HAL_Driver/Src/stm32h5xx_hal_adc.o
 .text.LL_ADC_SetSamplingTimeCommonConfig
                0x08001e76       0x26 ./Drivers/STM32H5xx_HAL_Driver/Src/stm32h5xx_hal_adc.o
 .text.LL_ADC_REG_IsTriggerSourceSWStart
                0x08001e9c       0x26 ./Drivers/STM32H5xx_HAL_Driver/Src/stm32h5xx_hal_adc.o
 .text.LL_ADC_REG_SetSequencerRanks
                0x08001ec2       0x58 ./Drivers/STM32H5xx_HAL_Driver/Src/stm32h5xx_hal_adc.o
 .text.LL_ADC_INJ_IsTriggerSourceSWStart
                0x08001f1a       0x26 ./Drivers/STM32H5xx_HAL_Driver/Src/stm32h5xx_hal_adc.o
 .text.LL_ADC_SetChannelSamplingTime
                0x08001f40       0x56 ./Drivers/STM32H5xx_HAL_Driver/Src/stm32h5xx_hal_adc.o
 *fill*         0x08001f96        0x2 
 .text.LL_ADC_SetChannelSingleDiff
                0x08001f98       0x48 ./Drivers/STM32H5xx_HAL_Driver/Src/stm32h5xx_hal_adc.o
 .text.LL_ADC_GetMultimode
                0x08001fe0       0x1c ./Drivers/STM32H5xx_HAL_Driver/Src/stm32h5xx_hal_adc.o
 .text.LL_ADC_GetMultiDMATransfer
                0x08001ffc       0x1c ./Drivers/STM32H5xx_HAL_Driver/Src/stm32h5xx_hal_adc.o
 .text.LL_ADC_DisableDeepPowerDown
                0x08002018       0x24 ./Drivers/STM32H5xx_HAL_Driver/Src/stm32h5xx_hal_adc.o
 .text.LL_ADC_IsDeepPowerDownEnabled
                0x0800203c       0x28 ./Drivers/STM32H5xx_HAL_Driver/Src/stm32h5xx_hal_adc.o
 .text.LL_ADC_EnableInternalRegulator
                0x08002064       0x28 ./Drivers/STM32H5xx_HAL_Driver/Src/stm32h5xx_hal_adc.o
 .text.LL_ADC_IsInternalRegulatorEnabled
                0x0800208c       0x28 ./Drivers/STM32H5xx_HAL_Driver/Src/stm32h5xx_hal_adc.o
 .text.LL_ADC_IsEnabled
                0x080020b4       0x26 ./Drivers/STM32H5xx_HAL_Driver/Src/stm32h5xx_hal_adc.o
 .text.LL_ADC_REG_IsConversionOngoing
                0x080020da       0x26 ./Drivers/STM32H5xx_HAL_Driver/Src/stm32h5xx_hal_adc.o
 .text.LL_ADC_INJ_IsConversionOngoing
                0x08002100       0x26 ./Drivers/STM32H5xx_HAL_Driver/Src/stm32h5xx_hal_adc.o
 *fill*         0x08002126        0x2 
 .text.HAL_ADC_Init
                0x08002128      0x2a8 ./Drivers/STM32H5xx_HAL_Driver/Src/stm32h5xx_hal_adc.o
                0x08002128                HAL_ADC_Init
 .text.HAL_ADC_IRQHandler
                0x080023d0      0x434 ./Drivers/STM32H5xx_HAL_Driver/Src/stm32h5xx_hal_adc.o
                0x080023d0                HAL_ADC_IRQHandler
 .text.HAL_ADC_ConvCpltCallback
                0x08002804       0x14 ./Drivers/STM32H5xx_HAL_Driver/Src/stm32h5xx_hal_adc.o
                0x08002804                HAL_ADC_ConvCpltCallback
 .text.HAL_ADC_LevelOutOfWindowCallback
                0x08002818       0x14 ./Drivers/STM32H5xx_HAL_Driver/Src/stm32h5xx_hal_adc.o
                0x08002818                HAL_ADC_LevelOutOfWindowCallback
 .text.HAL_ADC_ErrorCallback
                0x0800282c       0x14 ./Drivers/STM32H5xx_HAL_Driver/Src/stm32h5xx_hal_adc.o
                0x0800282c                HAL_ADC_ErrorCallback
 .text.HAL_ADC_ConfigChannel
                0x08002840      0x82c ./Drivers/STM32H5xx_HAL_Driver/Src/stm32h5xx_hal_adc.o
                0x08002840                HAL_ADC_ConfigChannel
 .text.HAL_ADCEx_InjectedConvCpltCallback
                0x0800306c       0x14 ./Drivers/STM32H5xx_HAL_Driver/Src/stm32h5xx_hal_adc_ex.o
                0x0800306c                HAL_ADCEx_InjectedConvCpltCallback
 .text.HAL_ADCEx_InjectedQueueOverflowCallback
                0x08003080       0x14 ./Drivers/STM32H5xx_HAL_Driver/Src/stm32h5xx_hal_adc_ex.o
                0x08003080                HAL_ADCEx_InjectedQueueOverflowCallback
 .text.HAL_ADCEx_LevelOutOfWindow2Callback
                0x08003094       0x14 ./Drivers/STM32H5xx_HAL_Driver/Src/stm32h5xx_hal_adc_ex.o
                0x08003094                HAL_ADCEx_LevelOutOfWindow2Callback
 .text.HAL_ADCEx_LevelOutOfWindow3Callback
                0x080030a8       0x14 ./Drivers/STM32H5xx_HAL_Driver/Src/stm32h5xx_hal_adc_ex.o
                0x080030a8                HAL_ADCEx_LevelOutOfWindow3Callback
 .text.HAL_ADCEx_EndOfSamplingCallback
                0x080030bc       0x14 ./Drivers/STM32H5xx_HAL_Driver/Src/stm32h5xx_hal_adc_ex.o
                0x080030bc                HAL_ADCEx_EndOfSamplingCallback
 .text.__NVIC_SetPriorityGrouping
                0x080030d0       0x48 ./Drivers/STM32H5xx_HAL_Driver/Src/stm32h5xx_hal_cortex.o
 .text.__NVIC_GetPriorityGrouping
                0x08003118       0x1c ./Drivers/STM32H5xx_HAL_Driver/Src/stm32h5xx_hal_cortex.o
 .text.__NVIC_EnableIRQ
                0x08003134       0x3c ./Drivers/STM32H5xx_HAL_Driver/Src/stm32h5xx_hal_cortex.o
 .text.__NVIC_SetPriority
                0x08003170       0x54 ./Drivers/STM32H5xx_HAL_Driver/Src/stm32h5xx_hal_cortex.o
 .text.NVIC_EncodePriority
                0x080031c4       0x66 ./Drivers/STM32H5xx_HAL_Driver/Src/stm32h5xx_hal_cortex.o
 .text.HAL_NVIC_SetPriorityGrouping
                0x0800322a       0x16 ./Drivers/STM32H5xx_HAL_Driver/Src/stm32h5xx_hal_cortex.o
                0x0800322a                HAL_NVIC_SetPriorityGrouping
 .text.HAL_NVIC_SetPriority
                0x08003240       0x34 ./Drivers/STM32H5xx_HAL_Driver/Src/stm32h5xx_hal_cortex.o
                0x08003240                HAL_NVIC_SetPriority
 .text.HAL_NVIC_EnableIRQ
                0x08003274       0x1c ./Drivers/STM32H5xx_HAL_Driver/Src/stm32h5xx_hal_cortex.o
                0x08003274                HAL_NVIC_EnableIRQ
 .text.HAL_SYSTICK_Config
                0x08003290       0x44 ./Drivers/STM32H5xx_HAL_Driver/Src/stm32h5xx_hal_cortex.o
                0x08003290                HAL_SYSTICK_Config
 .text.HAL_SYSTICK_CLKSourceConfig
                0x080032d4       0xb0 ./Drivers/STM32H5xx_HAL_Driver/Src/stm32h5xx_hal_cortex.o
                0x080032d4                HAL_SYSTICK_CLKSourceConfig
 .text.HAL_SYSTICK_GetCLKSourceConfig
                0x08003384       0x6c ./Drivers/STM32H5xx_HAL_Driver/Src/stm32h5xx_hal_cortex.o
                0x08003384                HAL_SYSTICK_GetCLKSourceConfig
 .text.HAL_MPU_Enable
                0x080033f0       0x44 ./Drivers/STM32H5xx_HAL_Driver/Src/stm32h5xx_hal_cortex.o
                0x080033f0                HAL_MPU_Enable
 .text.HAL_MPU_Disable
                0x08003434       0x40 ./Drivers/STM32H5xx_HAL_Driver/Src/stm32h5xx_hal_cortex.o
                0x08003434                HAL_MPU_Disable
 .text.HAL_MPU_ConfigRegion
                0x08003474       0x1c ./Drivers/STM32H5xx_HAL_Driver/Src/stm32h5xx_hal_cortex.o
                0x08003474                HAL_MPU_ConfigRegion
 .text.HAL_MPU_ConfigMemoryAttributes
                0x08003490       0x1c ./Drivers/STM32H5xx_HAL_Driver/Src/stm32h5xx_hal_cortex.o
                0x08003490                HAL_MPU_ConfigMemoryAttributes
 .text.MPU_ConfigRegion
                0x080034ac       0x6e ./Drivers/STM32H5xx_HAL_Driver/Src/stm32h5xx_hal_cortex.o
 .text.MPU_ConfigMemoryAttributes
                0x0800351a       0x6c ./Drivers/STM32H5xx_HAL_Driver/Src/stm32h5xx_hal_cortex.o
 *fill*         0x08003586        0x2 
 .text.HAL_DMA_Init
                0x08003588      0x284 ./Drivers/STM32H5xx_HAL_Driver/Src/stm32h5xx_hal_dma.o
                0x08003588                HAL_DMA_Init
 .text.HAL_DMA_Abort
                0x0800380c       0xf8 ./Drivers/STM32H5xx_HAL_Driver/Src/stm32h5xx_hal_dma.o
                0x0800380c                HAL_DMA_Abort
 .text.HAL_DMA_Abort_IT
                0x08003904       0x52 ./Drivers/STM32H5xx_HAL_Driver/Src/stm32h5xx_hal_dma.o
                0x08003904                HAL_DMA_Abort_IT
 .text.HAL_DMA_IRQHandler
                0x08003956      0x2c2 ./Drivers/STM32H5xx_HAL_Driver/Src/stm32h5xx_hal_dma.o
                0x08003956                HAL_DMA_IRQHandler
 .text.HAL_DMA_ConfigChannelAttributes
                0x08003c18       0x78 ./Drivers/STM32H5xx_HAL_Driver/Src/stm32h5xx_hal_dma.o
                0x08003c18                HAL_DMA_ConfigChannelAttributes
 .text.DMA_Init
                0x08003c90      0x508 ./Drivers/STM32H5xx_HAL_Driver/Src/stm32h5xx_hal_dma.o
 .text.HAL_DMAEx_List_Init
                0x08004198      0x258 ./Drivers/STM32H5xx_HAL_Driver/Src/stm32h5xx_hal_dma_ex.o
                0x08004198                HAL_DMAEx_List_Init
 .text.HAL_DMAEx_List_BuildNode
                0x080043f0       0x2c ./Drivers/STM32H5xx_HAL_Driver/Src/stm32h5xx_hal_dma_ex.o
                0x080043f0                HAL_DMAEx_List_BuildNode
 .text.HAL_DMAEx_List_InsertNode
                0x0800441c      0x192 ./Drivers/STM32H5xx_HAL_Driver/Src/stm32h5xx_hal_dma_ex.o
                0x0800441c                HAL_DMAEx_List_InsertNode
 .text.HAL_DMAEx_List_SetCircularMode
                0x080045ae       0xc0 ./Drivers/STM32H5xx_HAL_Driver/Src/stm32h5xx_hal_dma_ex.o
                0x080045ae                HAL_DMAEx_List_SetCircularMode
 *fill*         0x0800466e        0x2 
 .text.HAL_DMAEx_List_LinkQ
                0x08004670      0x138 ./Drivers/STM32H5xx_HAL_Driver/Src/stm32h5xx_hal_dma_ex.o
                0x08004670                HAL_DMAEx_List_LinkQ
 .text.DMA_List_Init
                0x080047a8      0x2b0 ./Drivers/STM32H5xx_HAL_Driver/Src/stm32h5xx_hal_dma_ex.o
 .text.DMA_List_BuildNode
                0x08004a58      0x2c0 ./Drivers/STM32H5xx_HAL_Driver/Src/stm32h5xx_hal_dma_ex.o
 .text.DMA_List_CheckNodesBaseAddresses
                0x08004d18       0x90 ./Drivers/STM32H5xx_HAL_Driver/Src/stm32h5xx_hal_dma_ex.o
 .text.DMA_List_CheckNodesTypes
                0x08004da8       0x78 ./Drivers/STM32H5xx_HAL_Driver/Src/stm32h5xx_hal_dma_ex.o
 .text.DMA_List_GetCLLRNodeInfo
                0x08004e20       0x60 ./Drivers/STM32H5xx_HAL_Driver/Src/stm32h5xx_hal_dma_ex.o
 .text.DMA_List_FindNode
                0x08004e80      0x13e ./Drivers/STM32H5xx_HAL_Driver/Src/stm32h5xx_hal_dma_ex.o
 *fill*         0x08004fbe        0x2 
 .text.HAL_ETH_IRQHandler
                0x08004fc0      0x1e8 ./Drivers/STM32H5xx_HAL_Driver/Src/stm32h5xx_hal_eth.o
                0x08004fc0                HAL_ETH_IRQHandler
 .text.HAL_ETH_TxCpltCallback
                0x080051a8       0x14 ./Drivers/STM32H5xx_HAL_Driver/Src/stm32h5xx_hal_eth.o
                0x080051a8                HAL_ETH_TxCpltCallback
 .text.HAL_ETH_RxCpltCallback
                0x080051bc       0x14 ./Drivers/STM32H5xx_HAL_Driver/Src/stm32h5xx_hal_eth.o
                0x080051bc                HAL_ETH_RxCpltCallback
 .text.HAL_ETH_ErrorCallback
                0x080051d0       0x14 ./Drivers/STM32H5xx_HAL_Driver/Src/stm32h5xx_hal_eth.o
                0x080051d0                HAL_ETH_ErrorCallback
 .text.HAL_ETH_PMTCallback
                0x080051e4       0x14 ./Drivers/STM32H5xx_HAL_Driver/Src/stm32h5xx_hal_eth.o
                0x080051e4                HAL_ETH_PMTCallback
 .text.HAL_ETH_EEECallback
                0x080051f8       0x14 ./Drivers/STM32H5xx_HAL_Driver/Src/stm32h5xx_hal_eth.o
                0x080051f8                HAL_ETH_EEECallback
 .text.HAL_ETH_WakeUpCallback
                0x0800520c       0x14 ./Drivers/STM32H5xx_HAL_Driver/Src/stm32h5xx_hal_eth.o
                0x0800520c                HAL_ETH_WakeUpCallback
 .text.HAL_FDCAN_Init
                0x08005220      0x2b4 ./Drivers/STM32H5xx_HAL_Driver/Src/stm32h5xx_hal_fdcan.o
                0x08005220                HAL_FDCAN_Init
 .text.HAL_FDCAN_IRQHandler
                0x080054d4      0x266 ./Drivers/STM32H5xx_HAL_Driver/Src/stm32h5xx_hal_fdcan.o
                0x080054d4                HAL_FDCAN_IRQHandler
 .text.HAL_FDCAN_TxEventFifoCallback
                0x0800573a       0x16 ./Drivers/STM32H5xx_HAL_Driver/Src/stm32h5xx_hal_fdcan.o
                0x0800573a                HAL_FDCAN_TxEventFifoCallback
 .text.HAL_FDCAN_RxFifo0Callback
                0x08005750       0x16 ./Drivers/STM32H5xx_HAL_Driver/Src/stm32h5xx_hal_fdcan.o
                0x08005750                HAL_FDCAN_RxFifo0Callback
 .text.HAL_FDCAN_RxFifo1Callback
                0x08005766       0x16 ./Drivers/STM32H5xx_HAL_Driver/Src/stm32h5xx_hal_fdcan.o
                0x08005766                HAL_FDCAN_RxFifo1Callback
 .text.HAL_FDCAN_TxFifoEmptyCallback
                0x0800577c       0x14 ./Drivers/STM32H5xx_HAL_Driver/Src/stm32h5xx_hal_fdcan.o
                0x0800577c                HAL_FDCAN_TxFifoEmptyCallback
 .text.HAL_FDCAN_TxBufferCompleteCallback
                0x08005790       0x16 ./Drivers/STM32H5xx_HAL_Driver/Src/stm32h5xx_hal_fdcan.o
                0x08005790                HAL_FDCAN_TxBufferCompleteCallback
 .text.HAL_FDCAN_TxBufferAbortCallback
                0x080057a6       0x16 ./Drivers/STM32H5xx_HAL_Driver/Src/stm32h5xx_hal_fdcan.o
                0x080057a6                HAL_FDCAN_TxBufferAbortCallback
 .text.HAL_FDCAN_TimestampWraparoundCallback
                0x080057bc       0x14 ./Drivers/STM32H5xx_HAL_Driver/Src/stm32h5xx_hal_fdcan.o
                0x080057bc                HAL_FDCAN_TimestampWraparoundCallback
 .text.HAL_FDCAN_TimeoutOccurredCallback
                0x080057d0       0x14 ./Drivers/STM32H5xx_HAL_Driver/Src/stm32h5xx_hal_fdcan.o
                0x080057d0                HAL_FDCAN_TimeoutOccurredCallback
 .text.HAL_FDCAN_HighPriorityMessageCallback
                0x080057e4       0x14 ./Drivers/STM32H5xx_HAL_Driver/Src/stm32h5xx_hal_fdcan.o
                0x080057e4                HAL_FDCAN_HighPriorityMessageCallback
 .text.HAL_FDCAN_ErrorCallback
                0x080057f8       0x14 ./Drivers/STM32H5xx_HAL_Driver/Src/stm32h5xx_hal_fdcan.o
                0x080057f8                HAL_FDCAN_ErrorCallback
 .text.HAL_FDCAN_ErrorStatusCallback
                0x0800580c       0x16 ./Drivers/STM32H5xx_HAL_Driver/Src/stm32h5xx_hal_fdcan.o
                0x0800580c                HAL_FDCAN_ErrorStatusCallback
 *fill*         0x08005822        0x2 
 .text.FDCAN_CalcultateRamBlockAddresses
                0x08005824       0xc4 ./Drivers/STM32H5xx_HAL_Driver/Src/stm32h5xx_hal_fdcan.o
 .text.HAL_GPIO_Init
                0x080058e8      0x2bc ./Drivers/STM32H5xx_HAL_Driver/Src/stm32h5xx_hal_gpio.o
                0x080058e8                HAL_GPIO_Init
 .text.HAL_GPIO_WritePin
                0x08005ba4       0x30 ./Drivers/STM32H5xx_HAL_Driver/Src/stm32h5xx_hal_gpio.o
                0x08005ba4                HAL_GPIO_WritePin
 .text.HAL_I2C_Init
                0x08005bd4      0x136 ./Drivers/STM32H5xx_HAL_Driver/Src/stm32h5xx_hal_i2c.o
                0x08005bd4                HAL_I2C_Init
 .text.HAL_I2CEx_ConfigAnalogFilter
                0x08005d0a       0x96 ./Drivers/STM32H5xx_HAL_Driver/Src/stm32h5xx_hal_i2c_ex.o
                0x08005d0a                HAL_I2CEx_ConfigAnalogFilter
 .text.HAL_I2CEx_ConfigDigitalFilter
                0x08005da0       0x98 ./Drivers/STM32H5xx_HAL_Driver/Src/stm32h5xx_hal_i2c_ex.o
                0x08005da0                HAL_I2CEx_ConfigDigitalFilter
 .text.HAL_ICACHE_ConfigAssociativityMode
                0x08005e38       0x40 ./Drivers/STM32H5xx_HAL_Driver/Src/stm32h5xx_hal_icache.o
                0x08005e38                HAL_ICACHE_ConfigAssociativityMode
 .text.HAL_ICACHE_Enable
                0x08005e78       0x20 ./Drivers/STM32H5xx_HAL_Driver/Src/stm32h5xx_hal_icache.o
                0x08005e78                HAL_ICACHE_Enable
 .text.HAL_LPTIM_Init
                0x08005e98      0x254 ./Drivers/STM32H5xx_HAL_Driver/Src/stm32h5xx_hal_lptim.o
                0x08005e98                HAL_LPTIM_Init
 .text.HAL_LPTIM_IRQHandler
                0x080060ec      0x2cc ./Drivers/STM32H5xx_HAL_Driver/Src/stm32h5xx_hal_lptim.o
                0x080060ec                HAL_LPTIM_IRQHandler
 .text.HAL_LPTIM_CompareMatchCallback
                0x080063b8       0x14 ./Drivers/STM32H5xx_HAL_Driver/Src/stm32h5xx_hal_lptim.o
                0x080063b8                HAL_LPTIM_CompareMatchCallback
 .text.HAL_LPTIM_AutoReloadMatchCallback
                0x080063cc       0x14 ./Drivers/STM32H5xx_HAL_Driver/Src/stm32h5xx_hal_lptim.o
                0x080063cc                HAL_LPTIM_AutoReloadMatchCallback
 .text.HAL_LPTIM_TriggerCallback
                0x080063e0       0x14 ./Drivers/STM32H5xx_HAL_Driver/Src/stm32h5xx_hal_lptim.o
                0x080063e0                HAL_LPTIM_TriggerCallback
 .text.HAL_LPTIM_CompareWriteCallback
                0x080063f4       0x14 ./Drivers/STM32H5xx_HAL_Driver/Src/stm32h5xx_hal_lptim.o
                0x080063f4                HAL_LPTIM_CompareWriteCallback
 .text.HAL_LPTIM_AutoReloadWriteCallback
                0x08006408       0x14 ./Drivers/STM32H5xx_HAL_Driver/Src/stm32h5xx_hal_lptim.o
                0x08006408                HAL_LPTIM_AutoReloadWriteCallback
 .text.HAL_LPTIM_DirectionUpCallback
                0x0800641c       0x14 ./Drivers/STM32H5xx_HAL_Driver/Src/stm32h5xx_hal_lptim.o
                0x0800641c                HAL_LPTIM_DirectionUpCallback
 .text.HAL_LPTIM_DirectionDownCallback
                0x08006430       0x14 ./Drivers/STM32H5xx_HAL_Driver/Src/stm32h5xx_hal_lptim.o
                0x08006430                HAL_LPTIM_DirectionDownCallback
 .text.HAL_LPTIM_UpdateEventCallback
                0x08006444       0x14 ./Drivers/STM32H5xx_HAL_Driver/Src/stm32h5xx_hal_lptim.o
                0x08006444                HAL_LPTIM_UpdateEventCallback
 .text.HAL_LPTIM_RepCounterWriteCallback
                0x08006458       0x14 ./Drivers/STM32H5xx_HAL_Driver/Src/stm32h5xx_hal_lptim.o
                0x08006458                HAL_LPTIM_RepCounterWriteCallback
 .text.HAL_LPTIM_IC_CaptureCallback
                0x0800646c       0x14 ./Drivers/STM32H5xx_HAL_Driver/Src/stm32h5xx_hal_lptim.o
                0x0800646c                HAL_LPTIM_IC_CaptureCallback
 .text.HAL_LPTIM_IC_OverCaptureCallback
                0x08006480       0x14 ./Drivers/STM32H5xx_HAL_Driver/Src/stm32h5xx_hal_lptim.o
                0x08006480                HAL_LPTIM_IC_OverCaptureCallback
 .text.LPTIM_WaitForFlag
                0x08006494       0x60 ./Drivers/STM32H5xx_HAL_Driver/Src/stm32h5xx_hal_lptim.o
 .text.HAL_RCC_OscConfig
                0x080064f4      0x870 ./Drivers/STM32H5xx_HAL_Driver/Src/stm32h5xx_hal_rcc.o
                0x080064f4                HAL_RCC_OscConfig
 .text.HAL_RCC_ClockConfig
                0x08006d64      0x370 ./Drivers/STM32H5xx_HAL_Driver/Src/stm32h5xx_hal_rcc.o
                0x08006d64                HAL_RCC_ClockConfig
 .text.HAL_RCC_GetSysClockFreq
                0x080070d4      0x258 ./Drivers/STM32H5xx_HAL_Driver/Src/stm32h5xx_hal_rcc.o
                0x080070d4                HAL_RCC_GetSysClockFreq
 .text.HAL_RCC_GetHCLKFreq
                0x0800732c       0x38 ./Drivers/STM32H5xx_HAL_Driver/Src/stm32h5xx_hal_rcc.o
                0x0800732c                HAL_RCC_GetHCLKFreq
 .text.HAL_RCC_GetPCLK1Freq
                0x08007364       0x2c ./Drivers/STM32H5xx_HAL_Driver/Src/stm32h5xx_hal_rcc.o
                0x08007364                HAL_RCC_GetPCLK1Freq
 .text.HAL_RCC_GetPCLK2Freq
                0x08007390       0x2c ./Drivers/STM32H5xx_HAL_Driver/Src/stm32h5xx_hal_rcc.o
                0x08007390                HAL_RCC_GetPCLK2Freq
 .text.HAL_RCC_GetPCLK3Freq
                0x080073bc       0x2c ./Drivers/STM32H5xx_HAL_Driver/Src/stm32h5xx_hal_rcc.o
                0x080073bc                HAL_RCC_GetPCLK3Freq
 .text.HAL_RCCEx_PeriphCLKConfig
                0x080073e8     0x1f18 ./Drivers/STM32H5xx_HAL_Driver/Src/stm32h5xx_hal_rcc_ex.o
                0x080073e8                HAL_RCCEx_PeriphCLKConfig
 .text.HAL_RCCEx_GetPLL1ClockFreq
                0x08009300      0x2d8 ./Drivers/STM32H5xx_HAL_Driver/Src/stm32h5xx_hal_rcc_ex.o
                0x08009300                HAL_RCCEx_GetPLL1ClockFreq
 .text.HAL_RCCEx_GetPLL2ClockFreq
                0x080095d8      0x2d8 ./Drivers/STM32H5xx_HAL_Driver/Src/stm32h5xx_hal_rcc_ex.o
                0x080095d8                HAL_RCCEx_GetPLL2ClockFreq
 .text.HAL_RCCEx_GetPLL3ClockFreq
                0x080098b0      0x2d8 ./Drivers/STM32H5xx_HAL_Driver/Src/stm32h5xx_hal_rcc_ex.o
                0x080098b0                HAL_RCCEx_GetPLL3ClockFreq
 .text.HAL_RCCEx_GetPeriphCLKFreq
                0x08009b88     0x26c0 ./Drivers/STM32H5xx_HAL_Driver/Src/stm32h5xx_hal_rcc_ex.o
                0x08009b88                HAL_RCCEx_GetPeriphCLKFreq
 .text.RCCEx_PLL2_Config
                0x0800c248      0x130 ./Drivers/STM32H5xx_HAL_Driver/Src/stm32h5xx_hal_rcc_ex.o
 .text.RCCEx_PLL3_Config
                0x0800c378      0x130 ./Drivers/STM32H5xx_HAL_Driver/Src/stm32h5xx_hal_rcc_ex.o
 .text.HAL_SPI_Init
                0x0800c4a8      0x2e0 ./Drivers/STM32H5xx_HAL_Driver/Src/stm32h5xx_hal_spi.o
                0x0800c4a8                HAL_SPI_Init
 .text.HAL_SPI_IRQHandler
                0x0800c788      0x3a8 ./Drivers/STM32H5xx_HAL_Driver/Src/stm32h5xx_hal_spi.o
                0x0800c788                HAL_SPI_IRQHandler
 .text.HAL_SPI_TxCpltCallback
                0x0800cb30       0x14 ./Drivers/STM32H5xx_HAL_Driver/Src/stm32h5xx_hal_spi.o
                0x0800cb30                HAL_SPI_TxCpltCallback
 .text.HAL_SPI_RxCpltCallback
                0x0800cb44       0x14 ./Drivers/STM32H5xx_HAL_Driver/Src/stm32h5xx_hal_spi.o
                0x0800cb44                HAL_SPI_RxCpltCallback
 .text.HAL_SPI_TxRxCpltCallback
                0x0800cb58       0x14 ./Drivers/STM32H5xx_HAL_Driver/Src/stm32h5xx_hal_spi.o
                0x0800cb58                HAL_SPI_TxRxCpltCallback
 .text.HAL_SPI_ErrorCallback
                0x0800cb6c       0x14 ./Drivers/STM32H5xx_HAL_Driver/Src/stm32h5xx_hal_spi.o
                0x0800cb6c                HAL_SPI_ErrorCallback
 .text.HAL_SPI_SuspendCallback
                0x0800cb80       0x14 ./Drivers/STM32H5xx_HAL_Driver/Src/stm32h5xx_hal_spi.o
                0x0800cb80                HAL_SPI_SuspendCallback
 .text.SPI_DMAAbortOnError
                0x0800cb94       0x34 ./Drivers/STM32H5xx_HAL_Driver/Src/stm32h5xx_hal_spi.o
 .text.SPI_CloseTransfer
                0x0800cbc8      0x140 ./Drivers/STM32H5xx_HAL_Driver/Src/stm32h5xx_hal_spi.o
 .text.SPI_GetPacketSize
                0x0800cd08       0x36 ./Drivers/STM32H5xx_HAL_Driver/Src/stm32h5xx_hal_spi.o
 .text.HAL_TIM_Base_Init
                0x0800cd3e       0xae ./Drivers/STM32H5xx_HAL_Driver/Src/stm32h5xx_hal_tim.o
                0x0800cd3e                HAL_TIM_Base_Init
 .text.HAL_TIM_PWM_Init
                0x0800cdec       0xae ./Drivers/STM32H5xx_HAL_Driver/Src/stm32h5xx_hal_tim.o
                0x0800cdec                HAL_TIM_PWM_Init
 .text.HAL_TIM_PWM_MspInit
                0x0800ce9a       0x14 ./Drivers/STM32H5xx_HAL_Driver/Src/stm32h5xx_hal_tim.o
                0x0800ce9a                HAL_TIM_PWM_MspInit
 *fill*         0x0800ceae        0x2 
 .text.HAL_TIM_PWM_ConfigChannel
                0x0800ceb0      0x228 ./Drivers/STM32H5xx_HAL_Driver/Src/stm32h5xx_hal_tim.o
                0x0800ceb0                HAL_TIM_PWM_ConfigChannel
 .text.HAL_TIM_ConfigClockSource
                0x0800d0d8      0x23c ./Drivers/STM32H5xx_HAL_Driver/Src/stm32h5xx_hal_tim.o
                0x0800d0d8                HAL_TIM_ConfigClockSource
 .text.TIM_Base_SetConfig
                0x0800d314      0x24c ./Drivers/STM32H5xx_HAL_Driver/Src/stm32h5xx_hal_tim.o
                0x0800d314                TIM_Base_SetConfig
 .text.TIM_OC1_SetConfig
                0x0800d560      0x184 ./Drivers/STM32H5xx_HAL_Driver/Src/stm32h5xx_hal_tim.o
 .text.TIM_OC2_SetConfig
                0x0800d6e4      0x160 ./Drivers/STM32H5xx_HAL_Driver/Src/stm32h5xx_hal_tim.o
                0x0800d6e4                TIM_OC2_SetConfig
 .text.TIM_OC3_SetConfig
                0x0800d844      0x15c ./Drivers/STM32H5xx_HAL_Driver/Src/stm32h5xx_hal_tim.o
 .text.TIM_OC4_SetConfig
                0x0800d9a0      0x160 ./Drivers/STM32H5xx_HAL_Driver/Src/stm32h5xx_hal_tim.o
 .text.TIM_OC5_SetConfig
                0x0800db00      0x104 ./Drivers/STM32H5xx_HAL_Driver/Src/stm32h5xx_hal_tim.o
 .text.TIM_OC6_SetConfig
                0x0800dc04      0x108 ./Drivers/STM32H5xx_HAL_Driver/Src/stm32h5xx_hal_tim.o
 .text.TIM_TI1_ConfigInputStage
                0x0800dd0c       0x5e ./Drivers/STM32H5xx_HAL_Driver/Src/stm32h5xx_hal_tim.o
 .text.TIM_TI2_ConfigInputStage
                0x0800dd6a       0x60 ./Drivers/STM32H5xx_HAL_Driver/Src/stm32h5xx_hal_tim.o
 .text.TIM_ITRx_SetConfig
                0x0800ddca       0x3a ./Drivers/STM32H5xx_HAL_Driver/Src/stm32h5xx_hal_tim.o
 .text.TIM_ETR_SetConfig
                0x0800de04       0x40 ./Drivers/STM32H5xx_HAL_Driver/Src/stm32h5xx_hal_tim.o
                0x0800de04                TIM_ETR_SetConfig
 .text.HAL_TIMEx_MasterConfigSynchronization
                0x0800de44      0x1a0 ./Drivers/STM32H5xx_HAL_Driver/Src/stm32h5xx_hal_tim_ex.o
                0x0800de44                HAL_TIMEx_MasterConfigSynchronization
 .text.HAL_UART_Init
                0x0800dfe4       0xa0 ./Drivers/STM32H5xx_HAL_Driver/Src/stm32h5xx_hal_uart.o
                0x0800dfe4                HAL_UART_Init
 .text.HAL_UART_IRQHandler
                0x0800e084      0x5dc ./Drivers/STM32H5xx_HAL_Driver/Src/stm32h5xx_hal_uart.o
                0x0800e084                HAL_UART_IRQHandler
 .text.HAL_UART_TxCpltCallback
                0x0800e660       0x14 ./Drivers/STM32H5xx_HAL_Driver/Src/stm32h5xx_hal_uart.o
                0x0800e660                HAL_UART_TxCpltCallback
 .text.HAL_UART_ErrorCallback
                0x0800e674       0x14 ./Drivers/STM32H5xx_HAL_Driver/Src/stm32h5xx_hal_uart.o
                0x0800e674                HAL_UART_ErrorCallback
 .text.HAL_UARTEx_RxEventCallback
                0x0800e688       0x18 ./Drivers/STM32H5xx_HAL_Driver/Src/stm32h5xx_hal_uart.o
                0x0800e688                HAL_UARTEx_RxEventCallback
 .text.UART_SetConfig
                0x0800e6a0      0x3dc ./Drivers/STM32H5xx_HAL_Driver/Src/stm32h5xx_hal_uart.o
                0x0800e6a0                UART_SetConfig
 .text.UART_AdvFeatureConfig
                0x0800ea7c      0x144 ./Drivers/STM32H5xx_HAL_Driver/Src/stm32h5xx_hal_uart.o
                0x0800ea7c                UART_AdvFeatureConfig
 .text.UART_CheckIdleState
                0x0800ebc0      0x154 ./Drivers/STM32H5xx_HAL_Driver/Src/stm32h5xx_hal_uart.o
                0x0800ebc0                UART_CheckIdleState
 .text.UART_WaitOnFlagUntilTimeout
                0x0800ed14       0xda ./Drivers/STM32H5xx_HAL_Driver/Src/stm32h5xx_hal_uart.o
                0x0800ed14                UART_WaitOnFlagUntilTimeout
 .text.UART_EndRxTransfer
                0x0800edee       0xcc ./Drivers/STM32H5xx_HAL_Driver/Src/stm32h5xx_hal_uart.o
 .text.UART_DMAAbortOnError
                0x0800eeba       0x1c ./Drivers/STM32H5xx_HAL_Driver/Src/stm32h5xx_hal_uart.o
 .text.UART_EndTransmit_IT
                0x0800eed6       0x56 ./Drivers/STM32H5xx_HAL_Driver/Src/stm32h5xx_hal_uart.o
 .text.HAL_UARTEx_WakeupCallback
                0x0800ef2c       0x14 ./Drivers/STM32H5xx_HAL_Driver/Src/stm32h5xx_hal_uart_ex.o
                0x0800ef2c                HAL_UARTEx_WakeupCallback
 .text.HAL_UARTEx_RxFifoFullCallback
                0x0800ef40       0x14 ./Drivers/STM32H5xx_HAL_Driver/Src/stm32h5xx_hal_uart_ex.o
                0x0800ef40                HAL_UARTEx_RxFifoFullCallback
 .text.HAL_UARTEx_TxFifoEmptyCallback
                0x0800ef54       0x14 ./Drivers/STM32H5xx_HAL_Driver/Src/stm32h5xx_hal_uart_ex.o
                0x0800ef54                HAL_UARTEx_TxFifoEmptyCallback
 .text.HAL_UARTEx_DisableFifoMode
                0x0800ef68       0x72 ./Drivers/STM32H5xx_HAL_Driver/Src/stm32h5xx_hal_uart_ex.o
                0x0800ef68                HAL_UARTEx_DisableFifoMode
 .text.HAL_UARTEx_SetTxFifoThreshold
                0x0800efda       0x7c ./Drivers/STM32H5xx_HAL_Driver/Src/stm32h5xx_hal_uart_ex.o
                0x0800efda                HAL_UARTEx_SetTxFifoThreshold
 .text.HAL_UARTEx_SetRxFifoThreshold
                0x0800f056       0x7c ./Drivers/STM32H5xx_HAL_Driver/Src/stm32h5xx_hal_uart_ex.o
                0x0800f056                HAL_UARTEx_SetRxFifoThreshold
 *fill*         0x0800f0d2        0x2 
 .text.UARTEx_SetNbDataToProcess
                0x0800f0d4       0x9c ./Drivers/STM32H5xx_HAL_Driver/Src/stm32h5xx_hal_uart_ex.o
 .text.memset   0x0800f170       0x10 C:/ST/STM32CubeIDE_2.1.1/STM32CubeIDE/plugins/com.st.stm32cube.ide.mcu.externaltools.gnu-tools-for-stm32.14.3.rel1.win32_1.0.100.202602081740/tools/bin/../lib/gcc/arm-none-eabi/14.3.1/../../../../arm-none-eabi/lib/thumb/v8-m.main+fp/hard\libc_nano.a(libc_a-memset.o)
                0x0800f170                memset
 .text.__libc_init_array
                0x0800f180       0x48 C:/ST/STM32CubeIDE_2.1.1/STM32CubeIDE/plugins/com.st.stm32cube.ide.mcu.externaltools.gnu-tools-for-stm32.14.3.rel1.win32_1.0.100.202602081740/tools/bin/../lib/gcc/arm-none-eabi/14.3.1/../../../../arm-none-eabi/lib/thumb/v8-m.main+fp/hard\libc_nano.a(libc_a-init.o)
                0x0800f180                __libc_init_array
 *(.glue_7)
 .glue_7        0x0800f1c8        0x0 linker stubs
 *(.glue_7t)
 .glue_7t       0x0800f1c8        0x0 linker stubs
 *(.eh_frame)
 .eh_frame      0x0800f1c8        0x0 C:/ST/STM32CubeIDE_2.1.1/STM32CubeIDE/plugins/com.st.stm32cube.ide.mcu.externaltools.gnu-tools-for-stm32.14.3.rel1.win32_1.0.100.202602081740/tools/bin/../lib/gcc/arm-none-eabi/14.3.1/thumb/v8-m.main+fp/hard/crtbegin.o
 *(.init)
 .init          0x0800f1c8        0x4 C:/ST/STM32CubeIDE_2.1.1/STM32CubeIDE/plugins/com.st.stm32cube.ide.mcu.externaltools.gnu-tools-for-stm32.14.3.rel1.win32_1.0.100.202602081740/tools/bin/../lib/gcc/arm-none-eabi/14.3.1/thumb/v8-m.main+fp/hard/crti.o
                0x0800f1c8                _init
 .init          0x0800f1cc        0x8 C:/ST/STM32CubeIDE_2.1.1/STM32CubeIDE/plugins/com.st.stm32cube.ide.mcu.externaltools.gnu-tools-for-stm32.14.3.rel1.win32_1.0.100.202602081740/tools/bin/../lib/gcc/arm-none-eabi/14.3.1/thumb/v8-m.main+fp/hard/crtn.o
 *(.fini)
 .fini          0x0800f1d4        0x4 C:/ST/STM32CubeIDE_2.1.1/STM32CubeIDE/plugins/com.st.stm32cube.ide.mcu.externaltools.gnu-tools-for-stm32.14.3.rel1.win32_1.0.100.202602081740/tools/bin/../lib/gcc/arm-none-eabi/14.3.1/thumb/v8-m.main+fp/hard/crti.o
                0x0800f1d4                _fini
 .fini          0x0800f1d8        0x8 C:/ST/STM32CubeIDE_2.1.1/STM32CubeIDE/plugins/com.st.stm32cube.ide.mcu.externaltools.gnu-tools-for-stm32.14.3.rel1.win32_1.0.100.202602081740/tools/bin/../lib/gcc/arm-none-eabi/14.3.1/thumb/v8-m.main+fp/hard/crtn.o
                0x0800f1e0                        . = ALIGN (0x4)
                0x0800f1e0                        _etext = .

.vfp11_veneer   0x0800f1e0        0x0
 .vfp11_veneer  0x0800f1e0        0x0 linker stubs

.v4_bx          0x0800f1e0        0x0
 .v4_bx         0x0800f1e0        0x0 linker stubs

.iplt           0x0800f1e0        0x0
 .iplt          0x0800f1e0        0x0 C:/ST/STM32CubeIDE_2.1.1/STM32CubeIDE/plugins/com.st.stm32cube.ide.mcu.externaltools.gnu-tools-for-stm32.14.3.rel1.win32_1.0.100.202602081740/tools/bin/../lib/gcc/arm-none-eabi/14.3.1/thumb/v8-m.main+fp/hard/crtbegin.o

.rodata         0x0800f1e0       0x40
                0x0800f1e0                        . = ALIGN (0x4)
 *(.rodata)
 *(.rodata*)
 .rodata.AHBPrescTable
                0x0800f1e0       0x10 ./Core/Src/system_stm32h5xx.o
                0x0800f1e0                AHBPrescTable
 .rodata.APBPrescTable
                0x0800f1f0        0x8 ./Core/Src/system_stm32h5xx.o
                0x0800f1f0                APBPrescTable
 .rodata.UARTPrescTable
                0x0800f1f8       0x18 ./Drivers/STM32H5xx_HAL_Driver/Src/stm32h5xx_hal_uart.o
                0x0800f1f8                UARTPrescTable
 .rodata.numerator.1
                0x0800f210        0x8 ./Drivers/STM32H5xx_HAL_Driver/Src/stm32h5xx_hal_uart_ex.o
 .rodata.denominator.0
                0x0800f218        0x8 ./Drivers/STM32H5xx_HAL_Driver/Src/stm32h5xx_hal_uart_ex.o
                0x0800f220                        . = ALIGN (0x4)

.ARM.extab      0x0800f220        0x0
                0x0800f220                        . = ALIGN (0x4)
 *(.ARM.extab* .gnu.linkonce.armextab.*)
                0x0800f220                        . = ALIGN (0x4)

.ARM            0x0800f220        0x8
                0x0800f220                        . = ALIGN (0x4)
                0x0800f220                        __exidx_start = .
 *(.ARM.exidx*)
 .ARM.exidx     0x0800f220        0x8 C:/ST/STM32CubeIDE_2.1.1/STM32CubeIDE/plugins/com.st.stm32cube.ide.mcu.externaltools.gnu-tools-for-stm32.14.3.rel1.win32_1.0.100.202602081740/tools/bin/../lib/gcc/arm-none-eabi/14.3.1/thumb/v8-m.main+fp/hard\libgcc.a(_udivmoddi4.o)
                0x0800f228                        __exidx_end = .
                0x0800f228                        . = ALIGN (0x4)

.preinit_array  0x0800f228        0x0
                0x0800f228                        . = ALIGN (0x4)
                0x0800f228                        PROVIDE (__preinit_array_start = .)
 *(.preinit_array*)
                0x0800f228                        PROVIDE (__preinit_array_end = .)
                0x0800f228                        . = ALIGN (0x4)

.init_array     0x0800f228        0x4
                0x0800f228                        . = ALIGN (0x4)
                0x0800f228                        PROVIDE (__init_array_start = .)
 *(SORT_BY_NAME(.init_array.*))
 *(.init_array*)
 .init_array    0x0800f228        0x4 C:/ST/STM32CubeIDE_2.1.1/STM32CubeIDE/plugins/com.st.stm32cube.ide.mcu.externaltools.gnu-tools-for-stm32.14.3.rel1.win32_1.0.100.202602081740/tools/bin/../lib/gcc/arm-none-eabi/14.3.1/thumb/v8-m.main+fp/hard/crtbegin.o
                0x0800f22c                        PROVIDE (__init_array_end = .)
                0x0800f22c                        . = ALIGN (0x4)

.fini_array     0x0800f22c        0x4
                0x0800f22c                        . = ALIGN (0x4)
                [!provide]                        PROVIDE (__fini_array_start = .)
 *(SORT_BY_NAME(.fini_array.*))
 *(.fini_array*)
 .fini_array    0x0800f22c        0x4 C:/ST/STM32CubeIDE_2.1.1/STM32CubeIDE/plugins/com.st.stm32cube.ide.mcu.externaltools.gnu-tools-for-stm32.14.3.rel1.win32_1.0.100.202602081740/tools/bin/../lib/gcc/arm-none-eabi/14.3.1/thumb/v8-m.main+fp/hard/crtbegin.o
                [!provide]                        PROVIDE (__fini_array_end = .)
                0x0800f230                        . = ALIGN (0x4)
                0x0800f230                        _sidata = LOADADDR (.data)

.rel.dyn        0x0800f230        0x0
 .rel.iplt      0x0800f230        0x0 C:/ST/STM32CubeIDE_2.1.1/STM32CubeIDE/plugins/com.st.stm32cube.ide.mcu.externaltools.gnu-tools-for-stm32.14.3.rel1.win32_1.0.100.202602081740/tools/bin/../lib/gcc/arm-none-eabi/14.3.1/thumb/v8-m.main+fp/hard/crtbegin.o

.data           0x20000000        0xc load address 0x0800f230
                0x20000000                        . = ALIGN (0x4)
                0x20000000                        _sdata = .
 *(.data)
 *(.data*)
 .data.SystemCoreClock
                0x20000000        0x4 ./Core/Src/system_stm32h5xx.o
                0x20000000                SystemCoreClock
 .data.uwTickPrio
                0x20000004        0x4 ./Drivers/STM32H5xx_HAL_Driver/Src/stm32h5xx_hal.o
                0x20000004                uwTickPrio
 .data.uwTickFreq
                0x20000008        0x1 ./Drivers/STM32H5xx_HAL_Driver/Src/stm32h5xx_hal.o
                0x20000008                uwTickFreq
 *(.RamFunc)
 *(.RamFunc*)
                0x2000000c                        . = ALIGN (0x4)
 *fill*         0x20000009        0x3 
                0x2000000c                        _edata = .

.igot.plt       0x2000000c        0x0 load address 0x0800f23c
 .igot.plt      0x2000000c        0x0 C:/ST/STM32CubeIDE_2.1.1/STM32CubeIDE/plugins/com.st.stm32cube.ide.mcu.externaltools.gnu-tools-for-stm32.14.3.rel1.win32_1.0.100.202602081740/tools/bin/../lib/gcc/arm-none-eabi/14.3.1/thumb/v8-m.main+fp/hard/crtbegin.o
                0x2000000c                        . = ALIGN (0x4)

.bss            0x2000000c      0x5cc load address 0x0800f23c
                0x2000000c                        _sbss = .
                0x2000000c                        __bss_start__ = _sbss
 *(.bss)
 .bss           0x2000000c       0x1c C:/ST/STM32CubeIDE_2.1.1/STM32CubeIDE/plugins/com.st.stm32cube.ide.mcu.externaltools.gnu-tools-for-stm32.14.3.rel1.win32_1.0.100.202602081740/tools/bin/../lib/gcc/arm-none-eabi/14.3.1/thumb/v8-m.main+fp/hard/crtbegin.o
 *(.bss*)
 .bss.hadc1     0x20000028       0x68 ./Core/Src/main.o
                0x20000028                hadc1
 .bss.Node_GPDMA1_Channel0
                0x20000090       0x24 ./Core/Src/main.o
                0x20000090                Node_GPDMA1_Channel0
 .bss.List_GPDMA1_Channel0
                0x200000b4       0x18 ./Core/Src/main.o
                0x200000b4                List_GPDMA1_Channel0
 .bss.handle_GPDMA1_Channel0
                0x200000cc       0x78 ./Core/Src/main.o
                0x200000cc                handle_GPDMA1_Channel0
 .bss.heth      0x20000144       0xb0 ./Core/Src/main.o
                0x20000144                heth
 .bss.hfdcan1   0x200001f4       0x64 ./Core/Src/main.o
                0x200001f4                hfdcan1
 .bss.hi2c1     0x20000258       0x54 ./Core/Src/main.o
                0x20000258                hi2c1
 .bss.handle_GPDMA1_Channel1
                0x200002ac       0x78 ./Core/Src/main.o
                0x200002ac                handle_GPDMA1_Channel1
 .bss.hlptim2   0x20000324       0x50 ./Core/Src/main.o
                0x20000324                hlptim2
 .bss.hspi2     0x20000374       0x90 ./Core/Src/main.o
                0x20000374                hspi2
 .bss.handle_GPDMA1_Channel2
                0x20000404       0x78 ./Core/Src/main.o
                0x20000404                handle_GPDMA1_Channel2
 .bss.htim3     0x2000047c       0x4c ./Core/Src/main.o
                0x2000047c                htim3
 .bss.huart4    0x200004c8       0x94 ./Core/Src/main.o
                0x200004c8                huart4
 .bss.handle_GPDMA1_Channel3
                0x2000055c       0x78 ./Core/Src/main.o
                0x2000055c                handle_GPDMA1_Channel3
 .bss.uwTick    0x200005d4        0x4 ./Drivers/STM32H5xx_HAL_Driver/Src/stm32h5xx_hal.o
                0x200005d4                uwTick
 *(COMMON)
                0x200005d8                        . = ALIGN (0x4)
                0x200005d8                        _ebss = .
                0x200005d8                        __bss_end__ = _ebss

._user_heap_stack
                0x200005d8      0x600 load address 0x0800f23c
                0x200005d8                        . = ALIGN (0x8)
                [!provide]                        PROVIDE (end = .)
                0x200005d8                        PROVIDE (_end = .)
                0x200007d8                        . = (. + _Min_Heap_Size)
 *fill*         0x200005d8      0x200 
                0x20000bd8                        . = (. + _Min_Stack_Size)
 *fill*         0x200007d8      0x400 
                0x20000bd8                        . = ALIGN (0x8)

/DISCARD/
 libc.a(*)
 libm.a(*)
 libgcc.a(*)

.ARM.attributes
                0x00000000       0x36
 *(.ARM.attributes)
 .ARM.attributes
                0x00000000       0x26 C:/ST/STM32CubeIDE_2.1.1/STM32CubeIDE/plugins/com.st.stm32cube.ide.mcu.externaltools.gnu-tools-for-stm32.14.3.rel1.win32_1.0.100.202602081740/tools/bin/../lib/gcc/arm-none-eabi/14.3.1/thumb/v8-m.main+fp/hard/crti.o
 .ARM.attributes
                0x00000026       0x38 C:/ST/STM32CubeIDE_2.1.1/STM32CubeIDE/plugins/com.st.stm32cube.ide.mcu.externaltools.gnu-tools-for-stm32.14.3.rel1.win32_1.0.100.202602081740/tools/bin/../lib/gcc/arm-none-eabi/14.3.1/thumb/v8-m.main+fp/hard/crtbegin.o
 .ARM.attributes
                0x0000005e       0x3a ./Core/Src/main.o
 .ARM.attributes
                0x00000098       0x3a ./Core/Src/stm32h5xx_hal_msp.o
 .ARM.attributes
                0x000000d2       0x3a ./Core/Src/stm32h5xx_it.o
 .ARM.attributes
                0x0000010c       0x3a ./Core/Src/system_stm32h5xx.o
 .ARM.attributes
                0x00000146       0x24 ./Core/Startup/startup_stm32h563ritx.o
 .ARM.attributes
                0x0000016a       0x3a ./Drivers/STM32H5xx_HAL_Driver/Src/stm32h5xx_hal.o
 .ARM.attributes
                0x000001a4       0x3a ./Drivers/STM32H5xx_HAL_Driver/Src/stm32h5xx_hal_adc.o
 .ARM.attributes
                0x000001de       0x3a ./Drivers/STM32H5xx_HAL_Driver/Src/stm32h5xx_hal_adc_ex.o
 .ARM.attributes
                0x00000218       0x3a ./Drivers/STM32H5xx_HAL_Driver/Src/stm32h5xx_hal_cortex.o
 .ARM.attributes
                0x00000252       0x3a ./Drivers/STM32H5xx_HAL_Driver/Src/stm32h5xx_hal_dma.o
 .ARM.attributes
                0x0000028c       0x3a ./Drivers/STM32H5xx_HAL_Driver/Src/stm32h5xx_hal_dma_ex.o
 .ARM.attributes
                0x000002c6       0x3a ./Drivers/STM32H5xx_HAL_Driver/Src/stm32h5xx_hal_eth.o
 .ARM.attributes
                0x00000300       0x3a ./Drivers/STM32H5xx_HAL_Driver/Src/stm32h5xx_hal_fdcan.o
 .ARM.attributes
                0x0000033a       0x3a ./Drivers/STM32H5xx_HAL_Driver/Src/stm32h5xx_hal_gpio.o
 .ARM.attributes
                0x00000374       0x3a ./Drivers/STM32H5xx_HAL_Driver/Src/stm32h5xx_hal_i2c.o
 .ARM.attributes
                0x000003ae       0x3a ./Drivers/STM32H5xx_HAL_Driver/Src/stm32h5xx_hal_i2c_ex.o
 .ARM.attributes
                0x000003e8       0x3a ./Drivers/STM32H5xx_HAL_Driver/Src/stm32h5xx_hal_icache.o
 .ARM.attributes
                0x00000422       0x3a ./Drivers/STM32H5xx_HAL_Driver/Src/stm32h5xx_hal_lptim.o
 .ARM.attributes
                0x0000045c       0x3a ./Drivers/STM32H5xx_HAL_Driver/Src/stm32h5xx_hal_rcc.o
 .ARM.attributes
                0x00000496       0x3a ./Drivers/STM32H5xx_HAL_Driver/Src/stm32h5xx_hal_rcc_ex.o
 .ARM.attributes
                0x000004d0       0x3a ./Drivers/STM32H5xx_HAL_Driver/Src/stm32h5xx_hal_spi.o
 .ARM.attributes
                0x0000050a       0x3a ./Drivers/STM32H5xx_HAL_Driver/Src/stm32h5xx_hal_tim.o
 .ARM.attributes
                0x00000544       0x3a ./Drivers/STM32H5xx_HAL_Driver/Src/stm32h5xx_hal_tim_ex.o
 .ARM.attributes
                0x0000057e       0x3a ./Drivers/STM32H5xx_HAL_Driver/Src/stm32h5xx_hal_uart.o
 .ARM.attributes
                0x000005b8       0x3a ./Drivers/STM32H5xx_HAL_Driver/Src/stm32h5xx_hal_uart_ex.o
 .ARM.attributes
                0x000005f2       0x38 C:/ST/STM32CubeIDE_2.1.1/STM32CubeIDE/plugins/com.st.stm32cube.ide.mcu.externaltools.gnu-tools-for-stm32.14.3.rel1.win32_1.0.100.202602081740/tools/bin/../lib/gcc/arm-none-eabi/14.3.1/../../../../arm-none-eabi/lib/thumb/v8-m.main+fp/hard\libc_nano.a(libc_a-memset.o)
 .ARM.attributes
                0x0000062a       0x38 C:/ST/STM32CubeIDE_2.1.1/STM32CubeIDE/plugins/com.st.stm32cube.ide.mcu.externaltools.gnu-tools-for-stm32.14.3.rel1.win32_1.0.100.202602081740/tools/bin/../lib/gcc/arm-none-eabi/14.3.1/../../../../arm-none-eabi/lib/thumb/v8-m.main+fp/hard\libc_nano.a(libc_a-init.o)
 .ARM.attributes
                0x00000662       0x26 C:/ST/STM32CubeIDE_2.1.1/STM32CubeIDE/plugins/com.st.stm32cube.ide.mcu.externaltools.gnu-tools-for-stm32.14.3.rel1.win32_1.0.100.202602081740/tools/bin/../lib/gcc/arm-none-eabi/14.3.1/thumb/v8-m.main+fp/hard\libgcc.a(_aeabi_uldivmod.o)
 .ARM.attributes
                0x00000688       0x38 C:/ST/STM32CubeIDE_2.1.1/STM32CubeIDE/plugins/com.st.stm32cube.ide.mcu.externaltools.gnu-tools-for-stm32.14.3.rel1.win32_1.0.100.202602081740/tools/bin/../lib/gcc/arm-none-eabi/14.3.1/thumb/v8-m.main+fp/hard\libgcc.a(_udivmoddi4.o)
 .ARM.attributes
                0x000006c0       0x26 C:/ST/STM32CubeIDE_2.1.1/STM32CubeIDE/plugins/com.st.stm32cube.ide.mcu.externaltools.gnu-tools-for-stm32.14.3.rel1.win32_1.0.100.202602081740/tools/bin/../lib/gcc/arm-none-eabi/14.3.1/thumb/v8-m.main+fp/hard\libgcc.a(_dvmd_tls.o)
 .ARM.attributes
                0x000006e6       0x26 C:/ST/STM32CubeIDE_2.1.1/STM32CubeIDE/plugins/com.st.stm32cube.ide.mcu.externaltools.gnu-tools-for-stm32.14.3.rel1.win32_1.0.100.202602081740/tools/bin/../lib/gcc/arm-none-eabi/14.3.1/thumb/v8-m.main+fp/hard/crtn.o
OUTPUT(RoveNode_Software_Template.elf elf32-littlearm)
LOAD linker stubs
LOAD C:/ST/STM32CubeIDE_2.1.1/STM32CubeIDE/plugins/com.st.stm32cube.ide.mcu.externaltools.gnu-tools-for-stm32.14.3.rel1.win32_1.0.100.202602081740/tools/bin/../lib/gcc/arm-none-eabi/14.3.1/../../../../arm-none-eabi/lib/thumb/v8-m.main+fp/hard\libc.a
LOAD C:/ST/STM32CubeIDE_2.1.1/STM32CubeIDE/plugins/com.st.stm32cube.ide.mcu.externaltools.gnu-tools-for-stm32.14.3.rel1.win32_1.0.100.202602081740/tools/bin/../lib/gcc/arm-none-eabi/14.3.1/../../../../arm-none-eabi/lib/thumb/v8-m.main+fp/hard\libm.a
LOAD C:/ST/STM32CubeIDE_2.1.1/STM32CubeIDE/plugins/com.st.stm32cube.ide.mcu.externaltools.gnu-tools-for-stm32.14.3.rel1.win32_1.0.100.202602081740/tools/bin/../lib/gcc/arm-none-eabi/14.3.1/thumb/v8-m.main+fp/hard\libgcc.a

.debug_info     0x00000000    0x2caf6
 .debug_info    0x00000000     0x46f9 ./Core/Src/main.o
 .debug_info    0x000046f9     0x428f ./Core/Src/stm32h5xx_hal_msp.o
 .debug_info    0x00008988     0x288c ./Core/Src/stm32h5xx_it.o
 .debug_info    0x0000b214      0xe2a ./Core/Src/system_stm32h5xx.o
 .debug_info    0x0000c03e       0x30 ./Core/Startup/startup_stm32h563ritx.o
 .debug_info    0x0000c06e     0x143f ./Drivers/STM32H5xx_HAL_Driver/Src/stm32h5xx_hal.o
 .debug_info    0x0000d4ad     0x2414 ./Drivers/STM32H5xx_HAL_Driver/Src/stm32h5xx_hal_adc.o
 .debug_info    0x0000f8c1     0x2156 ./Drivers/STM32H5xx_HAL_Driver/Src/stm32h5xx_hal_adc_ex.o
 .debug_info    0x00011a17     0x16f8 ./Drivers/STM32H5xx_HAL_Driver/Src/stm32h5xx_hal_cortex.o
 .debug_info    0x0001310f      0xb95 ./Drivers/STM32H5xx_HAL_Driver/Src/stm32h5xx_hal_dma.o
 .debug_info    0x00013ca4     0x19af ./Drivers/STM32H5xx_HAL_Driver/Src/stm32h5xx_hal_dma_ex.o
 .debug_info    0x00015653     0x2b03 ./Drivers/STM32H5xx_HAL_Driver/Src/stm32h5xx_hal_eth.o
 .debug_info    0x00018156     0x19b5 ./Drivers/STM32H5xx_HAL_Driver/Src/stm32h5xx_hal_fdcan.o
 .debug_info    0x00019b0b      0x773 ./Drivers/STM32H5xx_HAL_Driver/Src/stm32h5xx_hal_gpio.o
 .debug_info    0x0001a27e     0x23a8 ./Drivers/STM32H5xx_HAL_Driver/Src/stm32h5xx_hal_i2c.o
 .debug_info    0x0001c626      0x994 ./Drivers/STM32H5xx_HAL_Driver/Src/stm32h5xx_hal_i2c_ex.o
 .debug_info    0x0001cfba      0x592 ./Drivers/STM32H5xx_HAL_Driver/Src/stm32h5xx_hal_icache.o
 .debug_info    0x0001d54c     0x1987 ./Drivers/STM32H5xx_HAL_Driver/Src/stm32h5xx_hal_lptim.o
 .debug_info    0x0001eed3     0x112f ./Drivers/STM32H5xx_HAL_Driver/Src/stm32h5xx_hal_rcc.o
 .debug_info    0x00020002     0x1393 ./Drivers/STM32H5xx_HAL_Driver/Src/stm32h5xx_hal_rcc_ex.o
 .debug_info    0x00021395     0x1669 ./Drivers/STM32H5xx_HAL_Driver/Src/stm32h5xx_hal_spi.o
 .debug_info    0x000229fe     0x2f1e ./Drivers/STM32H5xx_HAL_Driver/Src/stm32h5xx_hal_tim.o
 .debug_info    0x0002591c     0x1f5c ./Drivers/STM32H5xx_HAL_Driver/Src/stm32h5xx_hal_tim_ex.o
 .debug_info    0x00027878     0x40f6 ./Drivers/STM32H5xx_HAL_Driver/Src/stm32h5xx_hal_uart.o
 .debug_info    0x0002b96e     0x1188 ./Drivers/STM32H5xx_HAL_Driver/Src/stm32h5xx_hal_uart_ex.o

.debug_abbrev   0x00000000     0x3c44
 .debug_abbrev  0x00000000      0x324 ./Core/Src/main.o
 .debug_abbrev  0x00000324      0x2ac ./Core/Src/stm32h5xx_hal_msp.o
 .debug_abbrev  0x000005d0      0x1f7 ./Core/Src/stm32h5xx_it.o
 .debug_abbrev  0x000007c7      0x13a ./Core/Src/system_stm32h5xx.o
 .debug_abbrev  0x00000901       0x24 ./Core/Startup/startup_stm32h563ritx.o
 .debug_abbrev  0x00000925      0x2ad ./Drivers/STM32H5xx_HAL_Driver/Src/stm32h5xx_hal.o
 .debug_abbrev  0x00000bd2      0x2cc ./Drivers/STM32H5xx_HAL_Driver/Src/stm32h5xx_hal_adc.o
 .debug_abbrev  0x00000e9e      0x2dd ./Drivers/STM32H5xx_HAL_Driver/Src/stm32h5xx_hal_adc_ex.o
 .debug_abbrev  0x0000117b      0x327 ./Drivers/STM32H5xx_HAL_Driver/Src/stm32h5xx_hal_cortex.o
 .debug_abbrev  0x000014a2      0x1ff ./Drivers/STM32H5xx_HAL_Driver/Src/stm32h5xx_hal_dma.o
 .debug_abbrev  0x000016a1      0x230 ./Drivers/STM32H5xx_HAL_Driver/Src/stm32h5xx_hal_dma_ex.o
 .debug_abbrev  0x000018d1      0x34a ./Drivers/STM32H5xx_HAL_Driver/Src/stm32h5xx_hal_eth.o
 .debug_abbrev  0x00001c1b      0x20c ./Drivers/STM32H5xx_HAL_Driver/Src/stm32h5xx_hal_fdcan.o
 .debug_abbrev  0x00001e27      0x1d9 ./Drivers/STM32H5xx_HAL_Driver/Src/stm32h5xx_hal_gpio.o
 .debug_abbrev  0x00002000      0x284 ./Drivers/STM32H5xx_HAL_Driver/Src/stm32h5xx_hal_i2c.o
 .debug_abbrev  0x00002284      0x1af ./Drivers/STM32H5xx_HAL_Driver/Src/stm32h5xx_hal_i2c_ex.o
 .debug_abbrev  0x00002433      0x227 ./Drivers/STM32H5xx_HAL_Driver/Src/stm32h5xx_hal_icache.o
 .debug_abbrev  0x0000265a      0x2a3 ./Drivers/STM32H5xx_HAL_Driver/Src/stm32h5xx_hal_lptim.o
 .debug_abbrev  0x000028fd      0x2a3 ./Drivers/STM32H5xx_HAL_Driver/Src/stm32h5xx_hal_rcc.o
 .debug_abbrev  0x00002ba0      0x268 ./Drivers/STM32H5xx_HAL_Driver/Src/stm32h5xx_hal_rcc_ex.o
 .debug_abbrev  0x00002e08      0x2b1 ./Drivers/STM32H5xx_HAL_Driver/Src/stm32h5xx_hal_spi.o
 .debug_abbrev  0x000030b9      0x2d7 ./Drivers/STM32H5xx_HAL_Driver/Src/stm32h5xx_hal_tim.o
 .debug_abbrev  0x00003390      0x2c8 ./Drivers/STM32H5xx_HAL_Driver/Src/stm32h5xx_hal_tim_ex.o
 .debug_abbrev  0x00003658      0x318 ./Drivers/STM32H5xx_HAL_Driver/Src/stm32h5xx_hal_uart.o
 .debug_abbrev  0x00003970      0x2d4 ./Drivers/STM32H5xx_HAL_Driver/Src/stm32h5xx_hal_uart_ex.o

.debug_aranges  0x00000000     0x2278
 .debug_aranges
                0x00000000       0x90 ./Core/Src/main.o
 .debug_aranges
                0x00000090       0xa0 ./Core/Src/stm32h5xx_hal_msp.o
 .debug_aranges
                0x00000130       0xb0 ./Core/Src/stm32h5xx_it.o
 .debug_aranges
                0x000001e0       0x28 ./Core/Src/system_stm32h5xx.o
 .debug_aranges
                0x00000208       0x28 ./Core/Startup/startup_stm32h563ritx.o
 .debug_aranges
                0x00000230      0x200 ./Drivers/STM32H5xx_HAL_Driver/Src/stm32h5xx_hal.o
 .debug_aranges
                0x00000430      0x258 ./Drivers/STM32H5xx_HAL_Driver/Src/stm32h5xx_hal_adc.o
 .debug_aranges
                0x00000688      0x1d0 ./Drivers/STM32H5xx_HAL_Driver/Src/stm32h5xx_hal_adc_ex.o
 .debug_aranges
                0x00000858      0x140 ./Drivers/STM32H5xx_HAL_Driver/Src/stm32h5xx_hal_cortex.o
 .debug_aranges
                0x00000998       0xa0 ./Drivers/STM32H5xx_HAL_Driver/Src/stm32h5xx_hal_dma.o
 .debug_aranges
                0x00000a38      0x1a0 ./Drivers/STM32H5xx_HAL_Driver/Src/stm32h5xx_hal_dma_ex.o
 .debug_aranges
                0x00000bd8      0x1e0 ./Drivers/STM32H5xx_HAL_Driver/Src/stm32h5xx_hal_eth.o
 .debug_aranges
                0x00000db8      0x208 ./Drivers/STM32H5xx_HAL_Driver/Src/stm32h5xx_hal_fdcan.o
 .debug_aranges
                0x00000fc0       0x78 ./Drivers/STM32H5xx_HAL_Driver/Src/stm32h5xx_hal_gpio.o
 .debug_aranges
                0x00001038      0x2a0 ./Drivers/STM32H5xx_HAL_Driver/Src/stm32h5xx_hal_i2c.o
 .debug_aranges
                0x000012d8       0x40 ./Drivers/STM32H5xx_HAL_Driver/Src/stm32h5xx_hal_i2c_ex.o
 .debug_aranges
                0x00001318       0xa8 ./Drivers/STM32H5xx_HAL_Driver/Src/stm32h5xx_hal_icache.o
 .debug_aranges
                0x000013c0      0x250 ./Drivers/STM32H5xx_HAL_Driver/Src/stm32h5xx_hal_lptim.o
 .debug_aranges
                0x00001610       0xa0 ./Drivers/STM32H5xx_HAL_Driver/Src/stm32h5xx_hal_rcc.o
 .debug_aranges
                0x000016b0      0x108 ./Drivers/STM32H5xx_HAL_Driver/Src/stm32h5xx_hal_rcc_ex.o
 .debug_aranges
                0x000017b8      0x1a8 ./Drivers/STM32H5xx_HAL_Driver/Src/stm32h5xx_hal_spi.o
 .debug_aranges
                0x00001960      0x3e8 ./Drivers/STM32H5xx_HAL_Driver/Src/stm32h5xx_hal_tim.o
 .debug_aranges
                0x00001d48      0x240 ./Drivers/STM32H5xx_HAL_Driver/Src/stm32h5xx_hal_tim_ex.o
 .debug_aranges
                0x00001f88      0x248 ./Drivers/STM32H5xx_HAL_Driver/Src/stm32h5xx_hal_uart.o
 .debug_aranges
                0x000021d0       0xa8 ./Drivers/STM32H5xx_HAL_Driver/Src/stm32h5xx_hal_uart_ex.o

.debug_rnglists
                0x00000000     0x1b15
 .debug_rnglists
                0x00000000       0x70 ./Core/Src/main.o
 .debug_rnglists
                0x00000070       0x7b ./Core/Src/stm32h5xx_hal_msp.o
 .debug_rnglists
                0x000000eb       0x7f ./Core/Src/stm32h5xx_it.o
 .debug_rnglists
                0x0000016a       0x1b ./Core/Src/system_stm32h5xx.o
 .debug_rnglists
                0x00000185       0x19 ./Core/Startup/startup_stm32h563ritx.o
 .debug_rnglists
                0x0000019e      0x17d ./Drivers/STM32H5xx_HAL_Driver/Src/stm32h5xx_hal.o
 .debug_rnglists
                0x0000031b      0x1cc ./Drivers/STM32H5xx_HAL_Driver/Src/stm32h5xx_hal_adc.o
 .debug_rnglists
                0x000004e7      0x166 ./Drivers/STM32H5xx_HAL_Driver/Src/stm32h5xx_hal_adc_ex.o
 .debug_rnglists
                0x0000064d       0xec ./Drivers/STM32H5xx_HAL_Driver/Src/stm32h5xx_hal_cortex.o
 .debug_rnglists
                0x00000739       0x7e ./Drivers/STM32H5xx_HAL_Driver/Src/stm32h5xx_hal_dma.o
 .debug_rnglists
                0x000007b7      0x156 ./Drivers/STM32H5xx_HAL_Driver/Src/stm32h5xx_hal_dma_ex.o
 .debug_rnglists
                0x0000090d      0x17c ./Drivers/STM32H5xx_HAL_Driver/Src/stm32h5xx_hal_eth.o
 .debug_rnglists
                0x00000a89      0x18d ./Drivers/STM32H5xx_HAL_Driver/Src/stm32h5xx_hal_fdcan.o
 .debug_rnglists
                0x00000c16       0x57 ./Drivers/STM32H5xx_HAL_Driver/Src/stm32h5xx_hal_gpio.o
 .debug_rnglists
                0x00000c6d      0x228 ./Drivers/STM32H5xx_HAL_Driver/Src/stm32h5xx_hal_i2c.o
 .debug_rnglists
                0x00000e95       0x30 ./Drivers/STM32H5xx_HAL_Driver/Src/stm32h5xx_hal_i2c_ex.o
 .debug_rnglists
                0x00000ec5       0x7a ./Drivers/STM32H5xx_HAL_Driver/Src/stm32h5xx_hal_icache.o
 .debug_rnglists
                0x00000f3f      0x1d6 ./Drivers/STM32H5xx_HAL_Driver/Src/stm32h5xx_hal_lptim.o
 .debug_rnglists
                0x00001115       0x79 ./Drivers/STM32H5xx_HAL_Driver/Src/stm32h5xx_hal_rcc.o
 .debug_rnglists
                0x0000118e       0xcf ./Drivers/STM32H5xx_HAL_Driver/Src/stm32h5xx_hal_rcc_ex.o
 .debug_rnglists
                0x0000125d      0x148 ./Drivers/STM32H5xx_HAL_Driver/Src/stm32h5xx_hal_spi.o
 .debug_rnglists
                0x000013a5      0x32e ./Drivers/STM32H5xx_HAL_Driver/Src/stm32h5xx_hal_tim.o
 .debug_rnglists
                0x000016d3      0x1cb ./Drivers/STM32H5xx_HAL_Driver/Src/stm32h5xx_hal_tim_ex.o
 .debug_rnglists
                0x0000189e      0x1f8 ./Drivers/STM32H5xx_HAL_Driver/Src/stm32h5xx_hal_uart.o
 .debug_rnglists
                0x00001a96       0x7f ./Drivers/STM32H5xx_HAL_Driver/Src/stm32h5xx_hal_uart_ex.o

.debug_macro    0x00000000    0x37ab1
 .debug_macro   0x00000000      0x343 ./Core/Src/main.o
 .debug_macro   0x00000343      0xade ./Core/Src/main.o
 .debug_macro   0x00000e21      0x226 ./Core/Src/main.o
 .debug_macro   0x00001047       0x22 ./Core/Src/main.o
 .debug_macro   0x00001069       0x5b ./Core/Src/main.o
 .debug_macro   0x000010c4       0x2a ./Core/Src/main.o
 .debug_macro   0x000010ee       0x94 ./Core/Src/main.o
 .debug_macro   0x00001182       0x43 ./Core/Src/main.o
 .debug_macro   0x000011c5       0x34 ./Core/Src/main.o
 .debug_macro   0x000011f9      0x190 ./Core/Src/main.o
 .debug_macro   0x00001389       0x57 ./Core/Src/main.o
 .debug_macro   0x000013e0      0x364 ./Core/Src/main.o
 .debug_macro   0x00001744       0x16 ./Core/Src/main.o
 .debug_macro   0x0000175a       0x4a ./Core/Src/main.o
 .debug_macro   0x000017a4       0x34 ./Core/Src/main.o
 .debug_macro   0x000017d8       0x10 ./Core/Src/main.o
 .debug_macro   0x000017e8       0x58 ./Core/Src/main.o
 .debug_macro   0x00001840       0x8e ./Core/Src/main.o
 .debug_macro   0x000018ce       0x1c ./Core/Src/main.o
 .debug_macro   0x000018ea      0x17e ./Core/Src/main.o
 .debug_macro   0x00001a68      0x19b ./Core/Src/main.o
 .debug_macro   0x00001c03       0x28 ./Core/Src/main.o
 .debug_macro   0x00001c2b       0x49 ./Core/Src/main.o
 .debug_macro   0x00001c74      0x103 ./Core/Src/main.o
 .debug_macro   0x00001d77       0x6a ./Core/Src/main.o
 .debug_macro   0x00001de1      0x1df ./Core/Src/main.o
 .debug_macro   0x00001fc0       0x1c ./Core/Src/main.o
 .debug_macro   0x00001fdc       0x29 ./Core/Src/main.o
 .debug_macro   0x00002005       0xfb ./Core/Src/main.o
 .debug_macro   0x00002100     0x1685 ./Core/Src/main.o
 .debug_macro   0x00003785       0x5e ./Core/Src/main.o
 .debug_macro   0x000037e3    0x2108f ./Core/Src/main.o
 .debug_macro   0x00024872       0x6d ./Core/Src/main.o
 .debug_macro   0x000248df     0x3891 ./Core/Src/main.o
 .debug_macro   0x00028170       0x63 ./Core/Src/main.o
 .debug_macro   0x000281d3     0x1f0d ./Core/Src/main.o
 .debug_macro   0x0002a0e0      0xe96 ./Core/Src/main.o
 .debug_macro   0x0002af76      0x166 ./Core/Src/main.o
 .debug_macro   0x0002b0dc      0x30b ./Core/Src/main.o
 .debug_macro   0x0002b3e7       0xca ./Core/Src/main.o
 .debug_macro   0x0002b4b1      0x917 ./Core/Src/main.o
 .debug_macro   0x0002bdc8      0x478 ./Core/Src/main.o
 .debug_macro   0x0002c240       0xd6 ./Core/Src/main.o
 .debug_macro   0x0002c316      0x1cd ./Core/Src/main.o
 .debug_macro   0x0002c4e3      0xf82 ./Core/Src/main.o
 .debug_macro   0x0002d465      0x671 ./Core/Src/main.o
 .debug_macro   0x0002dad6      0x30c ./Core/Src/main.o
 .debug_macro   0x0002dde2      0x55b ./Core/Src/main.o
 .debug_macro   0x0002e33d      0x646 ./Core/Src/main.o
 .debug_macro   0x0002e983       0x7b ./Core/Src/main.o
 .debug_macro   0x0002e9fe      0x22c ./Core/Src/main.o
 .debug_macro   0x0002ec2a       0x35 ./Core/Src/main.o
 .debug_macro   0x0002ec5f       0xa5 ./Core/Src/main.o
 .debug_macro   0x0002ed04      0x3a2 ./Core/Src/main.o
 .debug_macro   0x0002f0a6      0x3d8 ./Core/Src/main.o
 .debug_macro   0x0002f47e      0x313 ./Core/Src/main.o
 .debug_macro   0x0002f791      0x1bb ./Core/Src/main.o
 .debug_macro   0x0002f94c      0x5cf ./Core/Src/main.o
 .debug_macro   0x0002ff1b       0xeb ./Core/Src/main.o
 .debug_macro   0x00030006      0xbef ./Core/Src/main.o
 .debug_macro   0x00030bf5      0x3f4 ./Core/Src/main.o
 .debug_macro   0x00030fe9      0x693 ./Core/Src/main.o
 .debug_macro   0x0003167c       0xa6 ./Core/Src/main.o
 .debug_macro   0x00031722      0x2ae ./Core/Src/main.o
 .debug_macro   0x000319d0      0xa80 ./Core/Src/main.o
 .debug_macro   0x00032450      0x129 ./Core/Src/main.o
 .debug_macro   0x00032579      0x6bd ./Core/Src/main.o
 .debug_macro   0x00032c36      0x47e ./Core/Src/main.o
 .debug_macro   0x000330b4       0x1c ./Core/Src/main.o
 .debug_macro   0x000330d0       0x16 ./Core/Src/main.o
 .debug_macro   0x000330e6       0x3c ./Core/Src/main.o
 .debug_macro   0x00033122       0x20 ./Core/Src/main.o
 .debug_macro   0x00033142      0x313 ./Core/Src/stm32h5xx_hal_msp.o
 .debug_macro   0x00033455      0x31d ./Core/Src/stm32h5xx_it.o
 .debug_macro   0x00033772      0x30b ./Core/Src/system_stm32h5xx.o
 .debug_macro   0x00033a7d      0x33a ./Drivers/STM32H5xx_HAL_Driver/Src/stm32h5xx_hal.o
 .debug_macro   0x00033db7      0x321 ./Drivers/STM32H5xx_HAL_Driver/Src/stm32h5xx_hal_adc.o
 .debug_macro   0x000340d8      0x310 ./Drivers/STM32H5xx_HAL_Driver/Src/stm32h5xx_hal_adc_ex.o
 .debug_macro   0x000343e8      0x304 ./Drivers/STM32H5xx_HAL_Driver/Src/stm32h5xx_hal_cortex.o
 .debug_macro   0x000346ec      0x305 ./Drivers/STM32H5xx_HAL_Driver/Src/stm32h5xx_hal_dma.o
 .debug_macro   0x000349f1      0x305 ./Drivers/STM32H5xx_HAL_Driver/Src/stm32h5xx_hal_dma_ex.o
 .debug_macro   0x00034cf6      0x398 ./Drivers/STM32H5xx_HAL_Driver/Src/stm32h5xx_hal_eth.o
 .debug_macro   0x0003508e      0x416 ./Drivers/STM32H5xx_HAL_Driver/Src/stm32h5xx_hal_fdcan.o
 .debug_macro   0x000354a4      0x33a ./Drivers/STM32H5xx_HAL_Driver/Src/stm32h5xx_hal_gpio.o
 .debug_macro   0x000357de      0x3d0 ./Drivers/STM32H5xx_HAL_Driver/Src/stm32h5xx_hal_i2c.o
 .debug_macro   0x00035bae      0x304 ./Drivers/STM32H5xx_HAL_Driver/Src/stm32h5xx_hal_i2c_ex.o
 .debug_macro   0x00035eb2      0x336 ./Drivers/STM32H5xx_HAL_Driver/Src/stm32h5xx_hal_icache.o
 .debug_macro   0x000361e8      0x30c ./Drivers/STM32H5xx_HAL_Driver/Src/stm32h5xx_hal_lptim.o
 .debug_macro   0x000364f4      0x346 ./Drivers/STM32H5xx_HAL_Driver/Src/stm32h5xx_hal_rcc.o
 .debug_macro   0x0003683a      0x316 ./Drivers/STM32H5xx_HAL_Driver/Src/stm32h5xx_hal_rcc_ex.o
 .debug_macro   0x00036b50      0x30c ./Drivers/STM32H5xx_HAL_Driver/Src/stm32h5xx_hal_spi.o
 .debug_macro   0x00036e5c      0x30c ./Drivers/STM32H5xx_HAL_Driver/Src/stm32h5xx_hal_tim.o
 .debug_macro   0x00037168      0x30a ./Drivers/STM32H5xx_HAL_Driver/Src/stm32h5xx_hal_tim_ex.o
 .debug_macro   0x00037472      0x32f ./Drivers/STM32H5xx_HAL_Driver/Src/stm32h5xx_hal_uart.o
 .debug_macro   0x000377a1      0x310 ./Drivers/STM32H5xx_HAL_Driver/Src/stm32h5xx_hal_uart_ex.o

.debug_line     0x00000000    0x2abc7
 .debug_line    0x00000000      0xe92 ./Core/Src/main.o
 .debug_line    0x00000e92      0xe76 ./Core/Src/stm32h5xx_hal_msp.o
 .debug_line    0x00001d08      0xb5c ./Core/Src/stm32h5xx_it.o
 .debug_line    0x00002864      0xb4a ./Core/Src/system_stm32h5xx.o
 .debug_line    0x000033ae       0x7d ./Core/Startup/startup_stm32h563ritx.o
 .debug_line    0x0000342b     0x10e1 ./Drivers/STM32H5xx_HAL_Driver/Src/stm32h5xx_hal.o
 .debug_line    0x0000450c     0x2300 ./Drivers/STM32H5xx_HAL_Driver/Src/stm32h5xx_hal_adc.o
 .debug_line    0x0000680c     0x1d2b ./Drivers/STM32H5xx_HAL_Driver/Src/stm32h5xx_hal_adc_ex.o
 .debug_line    0x00008537     0x1010 ./Drivers/STM32H5xx_HAL_Driver/Src/stm32h5xx_hal_cortex.o
 .debug_line    0x00009547     0x1467 ./Drivers/STM32H5xx_HAL_Driver/Src/stm32h5xx_hal_dma.o
 .debug_line    0x0000a9ae     0x2940 ./Drivers/STM32H5xx_HAL_Driver/Src/stm32h5xx_hal_dma_ex.o
 .debug_line    0x0000d2ee     0x1d0e ./Drivers/STM32H5xx_HAL_Driver/Src/stm32h5xx_hal_eth.o
 .debug_line    0x0000effc     0x1b40 ./Drivers/STM32H5xx_HAL_Driver/Src/stm32h5xx_hal_fdcan.o
 .debug_line    0x00010b3c      0xdca ./Drivers/STM32H5xx_HAL_Driver/Src/stm32h5xx_hal_gpio.o
 .debug_line    0x00011906     0x3cae ./Drivers/STM32H5xx_HAL_Driver/Src/stm32h5xx_hal_i2c.o
 .debug_line    0x000155b4      0xb4a ./Drivers/STM32H5xx_HAL_Driver/Src/stm32h5xx_hal_i2c_ex.o
 .debug_line    0x000160fe      0xcb0 ./Drivers/STM32H5xx_HAL_Driver/Src/stm32h5xx_hal_icache.o
 .debug_line    0x00016dae     0x1f83 ./Drivers/STM32H5xx_HAL_Driver/Src/stm32h5xx_hal_lptim.o
 .debug_line    0x00018d31     0x1559 ./Drivers/STM32H5xx_HAL_Driver/Src/stm32h5xx_hal_rcc.o
 .debug_line    0x0001a28a     0x2ff1 ./Drivers/STM32H5xx_HAL_Driver/Src/stm32h5xx_hal_rcc_ex.o
 .debug_line    0x0001d27b     0x27a7 ./Drivers/STM32H5xx_HAL_Driver/Src/stm32h5xx_hal_spi.o
 .debug_line    0x0001fa22     0x4824 ./Drivers/STM32H5xx_HAL_Driver/Src/stm32h5xx_hal_tim.o
 .debug_line    0x00024246     0x2397 ./Drivers/STM32H5xx_HAL_Driver/Src/stm32h5xx_hal_tim_ex.o
 .debug_line    0x000265dd     0x36b7 ./Drivers/STM32H5xx_HAL_Driver/Src/stm32h5xx_hal_uart.o
 .debug_line    0x00029c94      0xf33 ./Drivers/STM32H5xx_HAL_Driver/Src/stm32h5xx_hal_uart_ex.o

.debug_str      0x00000000   0x16c00b
 .debug_str     0x00000000   0x16c00b ./Core/Src/main.o
                             0x1623a0 (size before relaxing)
 .debug_str     0x0016c00b   0x162076 ./Core/Src/stm32h5xx_hal_msp.o
 .debug_str     0x0016c00b   0x160b6a ./Core/Src/stm32h5xx_it.o
 .debug_str     0x0016c00b   0x15f510 ./Core/Src/system_stm32h5xx.o
 .debug_str     0x0016c00b       0x85 ./Core/Startup/startup_stm32h563ritx.o
 .debug_str     0x0016c00b   0x160360 ./Drivers/STM32H5xx_HAL_Driver/Src/stm32h5xx_hal.o
 .debug_str     0x0016c00b   0x160346 ./Drivers/STM32H5xx_HAL_Driver/Src/stm32h5xx_hal_adc.o
 .debug_str     0x0016c00b   0x1602f5 ./Drivers/STM32H5xx_HAL_Driver/Src/stm32h5xx_hal_adc_ex.o
 .debug_str     0x0016c00b   0x15feeb ./Drivers/STM32H5xx_HAL_Driver/Src/stm32h5xx_hal_cortex.o
 .debug_str     0x0016c00b   0x15f612 ./Drivers/STM32H5xx_HAL_Driver/Src/stm32h5xx_hal_dma.o
 .debug_str     0x0016c00b   0x15fc7e ./Drivers/STM32H5xx_HAL_Driver/Src/stm32h5xx_hal_dma_ex.o
 .debug_str     0x0016c00b   0x160d04 ./Drivers/STM32H5xx_HAL_Driver/Src/stm32h5xx_hal_eth.o
 .debug_str     0x0016c00b   0x160670 ./Drivers/STM32H5xx_HAL_Driver/Src/stm32h5xx_hal_fdcan.o
 .debug_str     0x0016c00b   0x15f287 ./Drivers/STM32H5xx_HAL_Driver/Src/stm32h5xx_hal_gpio.o
 .debug_str     0x0016c00b   0x1604c3 ./Drivers/STM32H5xx_HAL_Driver/Src/stm32h5xx_hal_i2c.o
 .debug_str     0x0016c00b   0x15f5e4 ./Drivers/STM32H5xx_HAL_Driver/Src/stm32h5xx_hal_i2c_ex.o
 .debug_str     0x0016c00b   0x15f5b0 ./Drivers/STM32H5xx_HAL_Driver/Src/stm32h5xx_hal_icache.o
 .debug_str     0x0016c00b   0x15fd96 ./Drivers/STM32H5xx_HAL_Driver/Src/stm32h5xx_hal_lptim.o
 .debug_str     0x0016c00b   0x15fa55 ./Drivers/STM32H5xx_HAL_Driver/Src/stm32h5xx_hal_rcc.o
 .debug_str     0x0016c00b   0x15fdb1 ./Drivers/STM32H5xx_HAL_Driver/Src/stm32h5xx_hal_rcc_ex.o
 .debug_str     0x0016c00b   0x15fb7b ./Drivers/STM32H5xx_HAL_Driver/Src/stm32h5xx_hal_spi.o
 .debug_str     0x0016c00b   0x1606d7 ./Drivers/STM32H5xx_HAL_Driver/Src/stm32h5xx_hal_tim.o
 .debug_str     0x0016c00b   0x1602fb ./Drivers/STM32H5xx_HAL_Driver/Src/stm32h5xx_hal_tim_ex.o
 .debug_str     0x0016c00b   0x15ff56 ./Drivers/STM32H5xx_HAL_Driver/Src/stm32h5xx_hal_uart.o
 .debug_str     0x0016c00b   0x15f927 ./Drivers/STM32H5xx_HAL_Driver/Src/stm32h5xx_hal_uart_ex.o

.comment        0x00000000       0x43
 .comment       0x00000000       0x43 ./Core/Src/main.o
                                 0x44 (size before relaxing)
 .comment       0x00000043       0x44 ./Core/Src/stm32h5xx_hal_msp.o
 .comment       0x00000043       0x44 ./Core/Src/stm32h5xx_it.o
 .comment       0x00000043       0x44 ./Core/Src/system_stm32h5xx.o
 .comment       0x00000043       0x44 ./Drivers/STM32H5xx_HAL_Driver/Src/stm32h5xx_hal.o
 .comment       0x00000043       0x44 ./Drivers/STM32H5xx_HAL_Driver/Src/stm32h5xx_hal_adc.o
 .comment       0x00000043       0x44 ./Drivers/STM32H5xx_HAL_Driver/Src/stm32h5xx_hal_adc_ex.o
 .comment       0x00000043       0x44 ./Drivers/STM32H5xx_HAL_Driver/Src/stm32h5xx_hal_cortex.o
 .comment       0x00000043       0x44 ./Drivers/STM32H5xx_HAL_Driver/Src/stm32h5xx_hal_dma.o
 .comment       0x00000043       0x44 ./Drivers/STM32H5xx_HAL_Driver/Src/stm32h5xx_hal_dma_ex.o
 .comment       0x00000043       0x44 ./Drivers/STM32H5xx_HAL_Driver/Src/stm32h5xx_hal_eth.o
 .comment       0x00000043       0x44 ./Drivers/STM32H5xx_HAL_Driver/Src/stm32h5xx_hal_fdcan.o
 .comment       0x00000043       0x44 ./Drivers/STM32H5xx_HAL_Driver/Src/stm32h5xx_hal_gpio.o
 .comment       0x00000043       0x44 ./Drivers/STM32H5xx_HAL_Driver/Src/stm32h5xx_hal_i2c.o
 .comment       0x00000043       0x44 ./Drivers/STM32H5xx_HAL_Driver/Src/stm32h5xx_hal_i2c_ex.o
 .comment       0x00000043       0x44 ./Drivers/STM32H5xx_HAL_Driver/Src/stm32h5xx_hal_icache.o
 .comment       0x00000043       0x44 ./Drivers/STM32H5xx_HAL_Driver/Src/stm32h5xx_hal_lptim.o
 .comment       0x00000043       0x44 ./Drivers/STM32H5xx_HAL_Driver/Src/stm32h5xx_hal_rcc.o
 .comment       0x00000043       0x44 ./Drivers/STM32H5xx_HAL_Driver/Src/stm32h5xx_hal_rcc_ex.o
 .comment       0x00000043       0x44 ./Drivers/STM32H5xx_HAL_Driver/Src/stm32h5xx_hal_spi.o
 .comment       0x00000043       0x44 ./Drivers/STM32H5xx_HAL_Driver/Src/stm32h5xx_hal_tim.o
 .comment       0x00000043       0x44 ./Drivers/STM32H5xx_HAL_Driver/Src/stm32h5xx_hal_tim_ex.o
 .comment       0x00000043       0x44 ./Drivers/STM32H5xx_HAL_Driver/Src/stm32h5xx_hal_uart.o
 .comment       0x00000043       0x44 ./Drivers/STM32H5xx_HAL_Driver/Src/stm32h5xx_hal_uart_ex.o

.debug_frame    0x00000000     0x9110
 .debug_frame   0x00000000      0x1e0 ./Core/Src/main.o
 .debug_frame   0x000001e0      0x284 ./Core/Src/stm32h5xx_hal_msp.o
 .debug_frame   0x00000464      0x210 ./Core/Src/stm32h5xx_it.o
 .debug_frame   0x00000674       0x58 ./Core/Src/system_stm32h5xx.o
 .debug_frame   0x000006cc      0x74c ./Drivers/STM32H5xx_HAL_Driver/Src/stm32h5xx_hal.o
 .debug_frame   0x00000e18      0xa4c ./Drivers/STM32H5xx_HAL_Driver/Src/stm32h5xx_hal_adc.o
 .debug_frame   0x00001864      0x7e0 ./Drivers/STM32H5xx_HAL_Driver/Src/stm32h5xx_hal_adc_ex.o
 .debug_frame   0x00002044      0x508 ./Drivers/STM32H5xx_HAL_Driver/Src/stm32h5xx_hal_cortex.o
 .debug_frame   0x0000254c      0x278 ./Drivers/STM32H5xx_HAL_Driver/Src/stm32h5xx_hal_dma.o
 .debug_frame   0x000027c4      0x704 ./Drivers/STM32H5xx_HAL_Driver/Src/stm32h5xx_hal_dma_ex.o
 .debug_frame   0x00002ec8      0x818 ./Drivers/STM32H5xx_HAL_Driver/Src/stm32h5xx_hal_eth.o
 .debug_frame   0x000036e0      0x8d0 ./Drivers/STM32H5xx_HAL_Driver/Src/stm32h5xx_hal_fdcan.o
 .debug_frame   0x00003fb0      0x1c0 ./Drivers/STM32H5xx_HAL_Driver/Src/stm32h5xx_hal_gpio.o
 .debug_frame   0x00004170      0xbf4 ./Drivers/STM32H5xx_HAL_Driver/Src/stm32h5xx_hal_i2c.o
 .debug_frame   0x00004d64       0xc4 ./Drivers/STM32H5xx_HAL_Driver/Src/stm32h5xx_hal_i2c_ex.o
 .debug_frame   0x00004e28      0x260 ./Drivers/STM32H5xx_HAL_Driver/Src/stm32h5xx_hal_icache.o
 .debug_frame   0x00005088      0xa14 ./Drivers/STM32H5xx_HAL_Driver/Src/stm32h5xx_hal_lptim.o
 .debug_frame   0x00005a9c      0x248 ./Drivers/STM32H5xx_HAL_Driver/Src/stm32h5xx_hal_rcc.o
 .debug_frame   0x00005ce4      0x434 ./Drivers/STM32H5xx_HAL_Driver/Src/stm32h5xx_hal_rcc_ex.o
 .debug_frame   0x00006118      0x73c ./Drivers/STM32H5xx_HAL_Driver/Src/stm32h5xx_hal_spi.o
 .debug_frame   0x00006854     0x1188 ./Drivers/STM32H5xx_HAL_Driver/Src/stm32h5xx_hal_tim.o
 .debug_frame   0x000079dc      0x9d4 ./Drivers/STM32H5xx_HAL_Driver/Src/stm32h5xx_hal_tim_ex.o
 .debug_frame   0x000083b0      0xa10 ./Drivers/STM32H5xx_HAL_Driver/Src/stm32h5xx_hal_uart.o
 .debug_frame   0x00008dc0      0x2a0 ./Drivers/STM32H5xx_HAL_Driver/Src/stm32h5xx_hal_uart_ex.o
 .debug_frame   0x00009060       0x20 C:/ST/STM32CubeIDE_2.1.1/STM32CubeIDE/plugins/com.st.stm32cube.ide.mcu.externaltools.gnu-tools-for-stm32.14.3.rel1.win32_1.0.100.202602081740/tools/bin/../lib/gcc/arm-none-eabi/14.3.1/../../../../arm-none-eabi/lib/thumb/v8-m.main+fp/hard\libc_nano.a(libc_a-memset.o)
 .debug_frame   0x00009080       0x2c C:/ST/STM32CubeIDE_2.1.1/STM32CubeIDE/plugins/com.st.stm32cube.ide.mcu.externaltools.gnu-tools-for-stm32.14.3.rel1.win32_1.0.100.202602081740/tools/bin/../lib/gcc/arm-none-eabi/14.3.1/../../../../arm-none-eabi/lib/thumb/v8-m.main+fp/hard\libc_nano.a(libc_a-init.o)
 .debug_frame   0x000090ac       0x2c C:/ST/STM32CubeIDE_2.1.1/STM32CubeIDE/plugins/com.st.stm32cube.ide.mcu.externaltools.gnu-tools-for-stm32.14.3.rel1.win32_1.0.100.202602081740/tools/bin/../lib/gcc/arm-none-eabi/14.3.1/thumb/v8-m.main+fp/hard\libgcc.a(_aeabi_uldivmod.o)
 .debug_frame   0x000090d8       0x38 C:/ST/STM32CubeIDE_2.1.1/STM32CubeIDE/plugins/com.st.stm32cube.ide.mcu.externaltools.gnu-tools-for-stm32.14.3.rel1.win32_1.0.100.202602081740/tools/bin/../lib/gcc/arm-none-eabi/14.3.1/thumb/v8-m.main+fp/hard\libgcc.a(_udivmoddi4.o)

.debug_line_str