../Core/Src/main.c:101:5:main	1
../Core/Src/main.c:157:6:SystemClock_Config	4
../Core/Src/main.c:220:13:MX_ADC1_Init	5
../Core/Src/main.c:295:6:MX_ETH_Init	2
../Core/Src/main.c:344:13:MX_FDCAN1_Init	2
../Core/Src/main.c:387:13:MX_GPDMA1_Init	1
../Core/Src/main.c:421:13:MX_I2C1_Init	4
../Core/Src/main.c:469:13:MX_ICACHE_Init	3
../Core/Src/main.c:501:13:MX_LPTIM2_Init	2
../Core/Src/main.c:535:13:MX_SPI2_Init	2
../Core/Src/main.c:583:13:MX_TIM3_Init	6
../Core/Src/main.c:641:13:MX_UART4_Init	5
../Core/Src/main.c:689:13:MX_GPIO_Init	1
../Core/Src/main.c:745:6:MPU_Config	1
../Core/Src/main.c:781:6:Error_Handler	1
