../Core/Src/stm32h5xx_it.c:80:6:NMI_Handler	4	static
../Core/Src/stm32h5xx_it.c:95:6:HardFault_Handler	4	static
../Core/Src/stm32h5xx_it.c:110:6:MemManage_Handler	4	static
../Core/Src/stm32h5xx_it.c:125:6:BusFault_Handler	4	static
../Core/Src/stm32h5xx_it.c:140:6:UsageFault_Handler	4	static
../Core/Src/stm32h5xx_it.c:155:6:SVC_Handler	4	static
../Core/Src/stm32h5xx_it.c:168:6:DebugMon_Handler	4	static
../Core/Src/stm32h5xx_it.c:181:6:PendSV_Handler	4	static
../Core/Src/stm32h5xx_it.c:194:6:SysTick_Handler	8	static
../Core/Src/stm32h5xx_it.c:215:6:GPDMA1_Channel0_IRQHandler	8	static
../Core/Src/stm32h5xx_it.c:229:6:GPDMA1_Channel1_IRQHandler	8	static
../Core/Src/stm32h5xx_it.c:243:6:GPDMA1_Channel2_IRQHandler	8	static
../Core/Src/stm32h5xx_it.c:257:6:GPDMA1_Channel3_IRQHandler	8	static
../Core/Src/stm32h5xx_it.c:271:6:ADC1_IRQHandler	8	static
../Core/Src/stm32h5xx_it.c:285:6:FDCAN1_IT0_IRQHandler	8	static
../Core/Src/stm32h5xx_it.c:299:6:SPI2_IRQHandler	8	static
../Core/Src/stm32h5xx_it.c:313:6:UART4_IRQHandler	8	static
../Core/Src/stm32h5xx_it.c:327:6:LPTIM2_IRQHandler	8	static
../Core/Src/stm32h5xx_it.c:341:6:ETH_IRQHandler	8	static
